Loading data for 538 events and 257 original time points ...
Loading data for 532 events and 257 original time points ...
Loading data for 459 events and 257 original time points ...
Loading data for 550 events and 257 original time points ...
Loading data for 499 events and 257 original time points ...
Loading data for 543 events and 257 original time points ...
Loading data for 507 events and 257 original time points ...
Loading data for 545 events and 257 original time points ...
Loading data for 516 events and 257 original time points ...
Loading data for 523 events and 257 original time points ...
Loading data for 536 events and 257 original time points ...
Loading data for 535 events and 257 original time points ...
Loading data for 532 events and 257 original time points ...
Loading data for 482 events and 257 original time points ...
Loading data for 527 events and 257 original time points ...
Loading data for 545 events and 257 original time points ...
Loading data for 549 events and 257 original time points ...
Loading data for 517 events and 257 original time points ...
Loading data for 490 events and 257 original time points ...
Loading data for 506 events and 257 original time points ...
Loading data for 546 events and 257 original time points ...
Loading data for 545 events and 257 original time points ...
Loading data for 538 events and 257 original time points ...
Loading data for 511 events and 257 original time points ...
Loading data for 550 events and 257 original time points ...
Loading data for 550 events and 257 original time points ...
Loading data for 545 events and 257 original time points ...
/Users/mq20185996/miniforge3/envs/eeg-core/lib/python3.12/site-packages/joblib/externals/loky/process_executor.py:782: UserWarning: A worker stopped while some jobs were given to the executor. This can be caused by a too short worker timeout or by a memory leak.
  warnings.warn(
Loading data for 548 events and 257 original time points ...
Loading data for 535 events and 257 original time points ...
Loading data for 510 events and 257 original time points ...
Loading data for 516 events and 257 original time points ...
Loading data for 545 events and 257 original time points ...
Loading data for 396 events and 257 original time points ...
Loading data for 541 events and 257 original time points ...
Loading data for 452 events and 257 original time points ...
Loading data for 516 events and 257 original time points ...
Loading data for 550 events and 257 original time points ...
Loading data for 545 events and 257 original time points ...
Loading data for 502 events and 257 original time points ...
Loading data for 512 events and 257 original time points ...
Loading data for 545 events and 257 original time points ...
Loading data for 547 events and 257 original time points ...
Loading data for 542 events and 257 original time points ...
Loading data for 549 events and 257 original time points ...
Loading data for 545 events and 257 original time points ...
Loading data for 531 events and 257 original time points ...
Loading data for 513 events and 257 original time points ...
Loading data for 544 events and 257 original time points ...
Loading data for 486 events and 257 original time points ...
Loading data for 487 events and 257 original time points ...
Loading data for 547 events and 257 original time points ...
Loading data for 513 events and 257 original time points ...
Loading data for 548 events and 257 original time points ...
Loading data for 550 events and 257 original time points ...
Loading data for 483 events and 257 original time points ...
Loading data for 511 events and 257 original time points ...
Loading data for 487 events and 257 original time points ...
Loading data for 495 events and 257 original time points ...
Loading data for 527 events and 257 original time points ...
Loading data for 546 events and 257 original time points ...
Loading data for 550 events and 257 original time points ...
Loading data for 539 events and 257 original time points ...
Loading data for 548 events and 257 original time points ...
Loading data for 549 events and 257 original time points ...
Loading data for 549 events and 257 original time points ...
Loading data for 489 events and 257 original time points ...
Loading data for 549 events and 257 original time points ...
Loading data for 427 events and 257 original time points ...
Loading data for 549 events and 257 original time points ...
Loading data for 537 events and 257 original time points ...
Loading data for 547 events and 257 original time points ...
Loading data for 517 events and 257 original time points ...
Loading data for 540 events and 257 original time points ...
Loading data for 545 events and 257 original time points ...
Loading data for 547 events and 257 original time points ...
Loading data for 546 events and 257 original time points ...
Loading data for 528 events and 257 original time points ...
Loading data for 516 events and 257 original time points ...
Loading data for 529 events and 257 original time points ...
Loading data for 419 events and 257 original time points ...
Loading data for 537 events and 257 original time points ...
Loading data for 484 events and 257 original time points ...
Loading data for 545 events and 257 original time points ...
Loading data for 487 events and 257 original time points ...
Loading data for 529 events and 257 original time points ...
Loading data for 521 events and 257 original time points ...
Loading data for 522 events and 257 original time points ...
Loading data for 526 events and 257 original time points ...
Loading data for 514 events and 257 original time points ...
Loading data for 543 events and 257 original time points ...
Loading data for 544 events and 257 original time points ...
Loading data for 530 events and 257 original time points ...
Loading data for 477 events and 257 original time points ...
Loading data for 539 events and 257 original time points ...
[ERP block model] centers 10/39
[ERP block model] centers 20/39
[ERP block model] centers 30/39
[ERP block model] wrote /Users/mq20185996/projects/cat_learn_auto_eeg/output/erp_block_model_timecourse_subject.csv
[ERP block model] wrote /Users/mq20185996/projects/cat_learn_auto_eeg/output/erp_block_model_timecourse_summary.csv
[block model figure] wrote /Users/mq20185996/projects/cat_learn_auto_eeg/figures/erp_block_model_timecourse.png
Loading data for 545 events and 257 original time points ...
Loading data for 543 events and 257 original time points ...
Loading data for 499 events and 257 original time points ...
Loading data for 507 events and 257 original time points ...
Loading data for 532 events and 257 original time points ...
Loading data for 550 events and 257 original time points ...
Loading data for 459 events and 257 original time points ...
Loading data for 538 events and 257 original time points ...
Loading data for 516 events and 257 original time points ...
Loading data for 523 events and 257 original time points ...
Loading data for 536 events and 257 original time points ...
Loading data for 535 events and 257 original time points ...
Loading data for 532 events and 257 original time points ...
Loading data for 482 events and 257 original time points ...
Loading data for 527 events and 257 original time points ...
Loading data for 545 events and 257 original time points ...
Loading data for 549 events and 257 original time points ...
Loading data for 517 events and 257 original time points ...
Loading data for 490 events and 257 original time points ...
Loading data for 506 events and 257 original time points ...
Loading data for 546 events and 257 original time points ...
Loading data for 545 events and 257 original time points ...
Loading data for 538 events and 257 original time points ...
Loading data for 511 events and 257 original time points ...
Loading data for 550 events and 257 original time points ...
Loading data for 550 events and 257 original time points ...
Loading data for 545 events and 257 original time points ...
Loading data for 516 events and 257 original time points ...
Loading data for 548 events and 257 original time points ...
Loading data for 535 events and 257 original time points ...
Loading data for 510 events and 257 original time points ...
Loading data for 541 events and 257 original time points ...
Loading data for 545 events and 257 original time points ...
Loading data for 396 events and 257 original time points ...
Loading data for 452 events and 257 original time points ...
Loading data for 512 events and 257 original time points ...
Loading data for 516 events and 257 original time points ...
Loading data for 550 events and 257 original time points ...
Loading data for 545 events and 257 original time points ...
Loading data for 502 events and 257 original time points ...
Loading data for 545 events and 257 original time points ...
Loading data for 547 events and 257 original time points ...
Loading data for 542 events and 257 original time points ...
Loading data for 549 events and 257 original time points ...
Loading data for 545 events and 257 original time points ...
Loading data for 531 events and 257 original time points ...
Loading data for 513 events and 257 original time points ...
Loading data for 544 events and 257 original time points ...
Loading data for 483 events and 257 original time points ...
Loading data for 486 events and 257 original time points ...
/Users/mq20185996/miniforge3/envs/eeg-core/lib/python3.12/site-packages/joblib/externals/loky/process_executor.py:782: UserWarning: A worker stopped while some jobs were given to the executor. This can be caused by a too short worker timeout or by a memory leak.
  warnings.warn(
Loading data for 547 events and 257 original time points ...
Loading data for 511 events and 257 original time points ...
Loading data for 548 events and 257 original time points ...
Loading data for 550 events and 257 original time points ...
Loading data for 487 events and 257 original time points ...
Loading data for 513 events and 257 original time points ...
Loading data for 487 events and 257 original time points ...
Loading data for 495 events and 257 original time points ...
Loading data for 549 events and 257 original time points ...
Loading data for 527 events and 257 original time points ...
Loading data for 546 events and 257 original time points ...
Loading data for 550 events and 257 original time points ...
Loading data for 539 events and 257 original time points ...
Loading data for 548 events and 257 original time points ...
Loading data for 549 events and 257 original time points ...
Loading data for 547 events and 257 original time points ...
Loading data for 489 events and 257 original time points ...
Loading data for 549 events and 257 original time points ...
Loading data for 427 events and 257 original time points ...
Loading data for 549 events and 257 original time points ...
Loading data for 537 events and 257 original time points ...
Loading data for 517 events and 257 original time points ...
Loading data for 540 events and 257 original time points ...
Loading data for 545 events and 257 original time points ...
Loading data for 547 events and 257 original time points ...
Loading data for 546 events and 257 original time points ...
Loading data for 528 events and 257 original time points ...
Loading data for 516 events and 257 original time points ...
Loading data for 529 events and 257 original time points ...
Loading data for 545 events and 257 original time points ...
Loading data for 419 events and 257 original time points ...
Loading data for 537 events and 257 original time points ...
Loading data for 484 events and 257 original time points ...
Loading data for 487 events and 257 original time points ...
Loading data for 521 events and 257 original time points ...
Loading data for 522 events and 257 original time points ...
Loading data for 529 events and 257 original time points ...
Loading data for 526 events and 257 original time points ...
Loading data for 539 events and 257 original time points ...
Loading data for 514 events and 257 original time points ...
Loading data for 543 events and 257 original time points ...
Loading data for 544 events and 257 original time points ...
Loading data for 530 events and 257 original time points ...
Loading data for 477 events and 257 original time points ...
[connect block model] times 10/76
[connect block model] times 20/76
[connect block model] times 30/76
[connect block model] times 40/76
[connect block model] times 50/76
[connect block model] times 60/76
[connect block model] times 70/76
[connect block model] wrote /Users/mq20185996/projects/cat_learn_auto_eeg/output/connect_block_model_timecourse_subject.csv
[connect block model] wrote /Users/mq20185996/projects/cat_learn_auto_eeg/output/connect_block_model_timecourse_summary.csv
[block model figure] wrote /Users/mq20185996/projects/cat_learn_auto_eeg/figures/connect_block_model_timecourse.png
[MVPA block model] Running 19 subjects (n_workers=4)
Loading data for 527 events and 257 original time points ...
Loading data for 545 events and 257 original time points ...
Loading data for 543 events and 257 original time points ...
Loading data for 536 events and 257 original time points ...
Loading data for 549 events and 257 original time points ...
Loading data for 535 events and 257 original time points ...
Loading data for 507 events and 257 original time points ...
Loading data for 499 events and 257 original time points ...
Loading data for 550 events and 257 original time points ...
Loading data for 459 events and 257 original time points ...
Loading data for 532 events and 257 original time points ...
Loading data for 517 events and 257 original time points ...
Loading data for 532 events and 257 original time points ...
Loading data for 490 events and 257 original time points ...
Loading data for 516 events and 257 original time points ...
Loading data for 545 events and 257 original time points ...
Loading data for 538 events and 257 original time points ...
Loading data for 506 events and 257 original time points ...
Loading data for 523 events and 257 original time points ...
Loading data for 482 events and 257 original time points ...
[MVPA block model] subject 3: time 25/128
[MVPA block model] subject 2: time 25/128
[MVPA block model] subject 4: time 25/128
[MVPA block model] subject 1: time 25/128
[MVPA block model] subject 3: time 50/128
[MVPA block model] subject 2: time 50/128
[MVPA block model] subject 4: time 50/128
[MVPA block model] subject 1: time 50/128
[MVPA block model] subject 3: time 75/128
[MVPA block model] subject 2: time 75/128
[MVPA block model] subject 4: time 75/128
[MVPA block model] subject 1: time 75/128
[MVPA block model] subject 3: time 100/128
[MVPA block model] subject 2: time 100/128
[MVPA block model] subject 4: time 100/128
[MVPA block model] subject 1: time 100/128
[MVPA block model] subject 3: time 125/128
[MVPA block model] subject 2: time 125/128
[MVPA block model] subject 4: time 125/128
Loading data for 546 events and 257 original time points ...
Loading data for 545 events and 257 original time points ...
Loading data for 538 events and 257 original time points ...
Loading data for 550 events and 257 original time points ...
[MVPA block model] subject 1: time 125/128
Loading data for 511 events and 257 original time points ...
Loading data for 545 events and 257 original time points ...
Loading data for 510 events and 257 original time points ...
Loading data for 550 events and 257 original time points ...
Loading data for 516 events and 257 original time points ...
Loading data for 541 events and 257 original time points ...
Loading data for 548 events and 257 original time points ...
Loading data for 545 events and 257 original time points ...
Loading data for 396 events and 257 original time points ...
Loading data for 535 events and 257 original time points ...
Loading data for 452 events and 257 original time points ...
Loading data for 512 events and 257 original time points ...
Loading data for 516 events and 257 original time points ...
Loading data for 550 events and 257 original time points ...
Loading data for 545 events and 257 original time points ...
Loading data for 502 events and 257 original time points ...
[MVPA block model] subject 5: time 25/128
[MVPA block model] subject 7: time 25/128
[MVPA block model] subject 6: time 25/128
[MVPA block model] subject 8: time 25/128
[MVPA block model] subject 5: time 50/128
[MVPA block model] subject 7: time 50/128
[MVPA block model] subject 6: time 50/128
[MVPA block model] subject 8: time 50/128
[MVPA block model] subject 5: time 75/128
[MVPA block model] subject 7: time 75/128
[MVPA block model] subject 6: time 75/128
[MVPA block model] subject 8: time 75/128
[MVPA block model] subject 5: time 100/128
[MVPA block model] subject 7: time 100/128
[MVPA block model] subject 6: time 100/128
[MVPA block model] subject 8: time 100/128
[MVPA block model] subject 5: time 125/128
/Users/mq20185996/miniforge3/envs/eeg-core/lib/python3.12/site-packages/joblib/externals/loky/process_executor.py:782: UserWarning: A worker stopped while some jobs were given to the executor. This can be caused by a too short worker timeout or by a memory leak.
  warnings.warn(
Loading data for 545 events and 257 original time points ...
[MVPA block model] subject 8: time 125/128
[MVPA block model] subject 7: time 125/128
Loading data for 547 events and 257 original time points ...
[MVPA block model] subject 6: time 125/128
Loading data for 542 events and 257 original time points ...
Loading data for 549 events and 257 original time points ...
Loading data for 545 events and 257 original time points ...
Loading data for 487 events and 257 original time points ...
Loading data for 531 events and 257 original time points ...
Loading data for 550 events and 257 original time points ...
Loading data for 547 events and 257 original time points ...
Loading data for 513 events and 257 original time points ...
Loading data for 487 events and 257 original time points ...
Loading data for 511 events and 257 original time points ...
Loading data for 544 events and 257 original time points ...
Loading data for 495 events and 257 original time points ...
Loading data for 513 events and 257 original time points ...
Loading data for 549 events and 257 original time points ...
Loading data for 483 events and 257 original time points ...
Loading data for 548 events and 257 original time points ...
Loading data for 486 events and 257 original time points ...
Loading data for 527 events and 257 original time points ...
[MVPA block model] subject 9: time 25/128
[MVPA block model] subject 11: time 25/128
[MVPA block model] subject 10: time 25/128
[MVPA block model] subject 12: time 25/128
[MVPA block model] subject 9: time 50/128
[MVPA block model] subject 11: time 50/128
[MVPA block model] subject 10: time 50/128
[MVPA block model] subject 12: time 50/128
[MVPA block model] subject 9: time 75/128
[MVPA block model] subject 11: time 75/128
[MVPA block model] subject 10: time 75/128
[MVPA block model] subject 12: time 75/128
[MVPA block model] subject 9: time 100/128
[MVPA block model] subject 11: time 100/128
[MVPA block model] subject 12: time 100/128
[MVPA block model] subject 10: time 100/128
[MVPA block model] subject 9: time 125/128
Loading data for 546 events and 257 original time points ...
[MVPA block model] subject 11: time 125/128
[MVPA block model] subject 10: time 125/128
[MVPA block model] subject 12: time 125/128
Loading data for 550 events and 257 original time points ...
Loading data for 539 events and 257 original time points ...
Loading data for 548 events and 257 original time points ...
Loading data for 549 events and 257 original time points ...
Loading data for 547 events and 257 original time points ...
Loading data for 549 events and 257 original time points ...
Loading data for 547 events and 257 original time points ...
Loading data for 489 events and 257 original time points ...
Loading data for 545 events and 257 original time points ...
Loading data for 537 events and 257 original time points ...
Loading data for 549 events and 257 original time points ...
Loading data for 546 events and 257 original time points ...
Loading data for 517 events and 257 original time points ...
Loading data for 427 events and 257 original time points ...
Loading data for 540 events and 257 original time points ...
Loading data for 528 events and 257 original time points ...
Loading data for 516 events and 257 original time points ...
Loading data for 545 events and 257 original time points ...
[MVPA block model] subject 14: time 25/128
[MVPA block model] subject 13: time 25/128
[MVPA block model] subject 16: time 25/128
[MVPA block model] subject 15: time 25/128
[MVPA block model] subject 14: time 50/128
[MVPA block model] subject 13: time 50/128
[MVPA block model] subject 16: time 50/128
[MVPA block model] subject 14: time 75/128
[MVPA block model] subject 15: time 50/128
[MVPA block model] subject 14: time 100/128
[MVPA block model] subject 13: time 75/128
[MVPA block model] subject 16: time 75/128
[MVPA block model] subject 15: time 75/128
[MVPA block model] subject 14: time 125/128
Loading data for 419 events and 257 original time points ...
Loading data for 529 events and 257 original time points ...
Loading data for 537 events and 257 original time points ...
Loading data for 484 events and 257 original time points ...
Loading data for 487 events and 257 original time points ...
[MVPA block model] subject 13: time 100/128
[MVPA block model] subject 16: time 100/128
[MVPA block model] subject 15: time 100/128
[MVPA block model] subject 17: time 25/128
[MVPA block model] subject 13: time 125/128
[MVPA block model] subject 16: time 125/128
Loading data for 521 events and 257 original time points ...
Loading data for 522 events and 257 original time points ...
Loading data for 526 events and 257 original time points ...
Loading data for 529 events and 257 original time points ...
[MVPA block model] subject 15: time 125/128
Loading data for 514 events and 257 original time points ...
Loading data for 539 events and 257 original time points ...
Loading data for 543 events and 257 original time points ...
Loading data for 544 events and 257 original time points ...
Loading data for 530 events and 257 original time points ...
Loading data for 477 events and 257 original time points ...
[MVPA block model] subject 17: time 50/128
[MVPA block model] subject 18: time 25/128
[MVPA block model] subject 19: time 25/128
[MVPA block model] subject 17: time 75/128
[MVPA block model] subject 18: time 50/128
[MVPA block model] subject 19: time 50/128
[MVPA block model] subject 17: time 100/128
[MVPA block model] subject 18: time 75/128
[MVPA block model] subject 19: time 75/128
[MVPA block model] subject 17: time 125/128
[MVPA block model] subject 18: time 100/128
[MVPA block model] subject 19: time 100/128
[MVPA block model] subject 18: time 125/128
[MVPA block model] subject 19: time 125/128
[MVPA block model] wrote /Users/mq20185996/projects/cat_learn_auto_eeg/output/mvpa_block_model_timecourse_subject.csv
[MVPA block model] wrote /Users/mq20185996/projects/cat_learn_auto_eeg/output/mvpa_block_model_timecourse_summary.csv
[block model figure] wrote /Users/mq20185996/projects/cat_learn_auto_eeg/figures/mvpa_block_model_timecourse.png
[block model figure] wrote /Users/mq20185996/projects/cat_learn_auto_eeg/figures/mvpa_block_model_timecourse_heatmap_7bins.png
