Loading data for 543 events and 257 original time points ...
Loading data for 507 events and 257 original time points ...
Loading data for 413 events and 257 original time points ...
Loading data for 253 events and 257 original time points ...
[connect multimeasure edges] sessions 2/94
Loading data for 459 events and 257 original time points ...
Loading data for 532 events and 257 original time points ...
Loading data for 253 events and 257 original time points ...
Loading data for 87 events and 257 original time points ...
[connect multimeasure edges] sessions 4/94
Loading data for 538 events and 257 original time points ...
Loading data for 545 events and 257 original time points ...
Loading data for 438 events and 257 original time points ...
Loading data for 538 events and 257 original time points ...
[connect multimeasure edges] sessions 6/94
Loading data for 550 events and 257 original time points ...
Loading data for 499 events and 257 original time points ...
Loading data for 470 events and 257 original time points ...
Loading data for 550 events and 257 original time points ...
[connect multimeasure edges] sessions 8/94
Loading data for 516 events and 257 original time points ...
Loading data for 523 events and 257 original time points ...
Loading data for 510 events and 257 original time points ...
Loading data for 498 events and 257 original time points ...
[connect multimeasure edges] sessions 10/94
Loading data for 536 events and 257 original time points ...
Loading data for 535 events and 257 original time points ...
Loading data for 295 events and 257 original time points ...
Loading data for 322 events and 257 original time points ...
[connect multimeasure edges] sessions 12/94
Loading data for 532 events and 257 original time points ...
Loading data for 195 events and 257 original time points ...
Loading data for 545 events and 257 original time points ...
Loading data for 547 events and 257 original time points ...
[connect multimeasure edges] sessions 14/94
Loading data for 482 events and 257 original time points ...
Loading data for 527 events and 257 original time points ...
Loading data for 87 events and 257 original time points ...
Loading data for 426 events and 257 original time points ...
[connect multimeasure edges] sessions 16/94
Loading data for 549 events and 257 original time points ...
Loading data for 550 events and 257 original time points ...
Loading data for 517 events and 257 original time points ...
Loading data for 232 events and 257 original time points ...
[connect multimeasure edges] sessions 18/94
Loading data for 490 events and 257 original time points ...
Loading data for 84 events and 257 original time points ...
Loading data for 506 events and 257 original time points ...
Loading data for 249 events and 257 original time points ...
[connect multimeasure edges] sessions 20/94
Loading data for 546 events and 257 original time points ...
Loading data for 545 events and 257 original time points ...
Loading data for 511 events and 257 original time points ...
Loading data for 541 events and 257 original time points ...
[connect multimeasure edges] sessions 22/94
Loading data for 538 events and 257 original time points ...
Loading data for 511 events and 257 original time points ...
Loading data for 274 events and 257 original time points ...
Loading data for 474 events and 257 original time points ...
[connect multimeasure edges] sessions 24/94
Loading data for 550 events and 257 original time points ...
Loading data for 550 events and 257 original time points ...
Loading data for 550 events and 257 original time points ...
Loading data for 546 events and 257 original time points ...
[connect multimeasure edges] sessions 26/94
Loading data for 545 events and 257 original time points ...
Loading data for 504 events and 257 original time points ...
Loading data for 516 events and 257 original time points ...
Loading data for 410 events and 257 original time points ...
[connect multimeasure edges] sessions 28/94
Loading data for 548 events and 257 original time points ...
Loading data for 527 events and 257 original time points ...
Loading data for 535 events and 257 original time points ...
Loading data for 455 events and 257 original time points ...
[connect multimeasure edges] sessions 30/94
Loading data for 510 events and 257 original time points ...
Loading data for 424 events and 257 original time points ...
Loading data for 541 events and 257 original time points ...
Loading data for 483 events and 257 original time points ...
[connect multimeasure edges] sessions 32/94
Loading data for 545 events and 257 original time points ...
Loading data for 396 events and 257 original time points ...
Loading data for 188 events and 257 original time points ...
Loading data for 509 events and 257 original time points ...
[connect multimeasure edges] sessions 34/94
Loading data for 452 events and 257 original time points ...
Loading data for 226 events and 257 original time points ...
Loading data for 512 events and 257 original time points ...
Loading data for 355 events and 257 original time points ...
[connect multimeasure edges] sessions 36/94
Loading data for 516 events and 257 original time points ...
Loading data for 436 events and 257 original time points ...
Loading data for 550 events and 257 original time points ...
Loading data for 548 events and 257 original time points ...
[connect multimeasure edges] sessions 38/94
Loading data for 545 events and 257 original time points ...
Loading data for 466 events and 257 original time points ...
Loading data for 502 events and 257 original time points ...
Loading data for 293 events and 257 original time points ...
[connect multimeasure edges] sessions 40/94
Loading data for 545 events and 257 original time points ...
Loading data for 547 events and 257 original time points ...
Loading data for 513 events and 257 original time points ...
Loading data for 533 events and 257 original time points ...
[connect multimeasure edges] sessions 42/94
Loading data for 542 events and 257 original time points ...
Loading data for 507 events and 257 original time points ...
Loading data for 549 events and 257 original time points ...
Loading data for 530 events and 257 original time points ...
[connect multimeasure edges] sessions 44/94
Loading data for 545 events and 257 original time points ...
Loading data for 528 events and 257 original time points ...
Loading data for 531 events and 257 original time points ...
Loading data for 528 events and 257 original time points ...
[connect multimeasure edges] sessions 46/94
Loading data for 513 events and 257 original time points ...
Loading data for 460 events and 257 original time points ...
Loading data for 544 events and 257 original time points ...
Loading data for 512 events and 257 original time points ...
[connect multimeasure edges] sessions 48/94
Loading data for 483 events and 257 original time points ...
Loading data for 486 events and 257 original time points ...
Loading data for 449 events and 257 original time points ...
Loading data for 439 events and 257 original time points ...
[connect multimeasure edges] sessions 50/94
Loading data for 487 events and 257 original time points ...
Loading data for 547 events and 257 original time points ...
Loading data for 458 events and 257 original time points ...
Loading data for 539 events and 257 original time points ...
[connect multimeasure edges] sessions 52/94
Loading data for 513 events and 257 original time points ...
Loading data for 511 events and 257 original time points ...
Loading data for 289 events and 257 original time points ...
Loading data for 437 events and 257 original time points ...
[connect multimeasure edges] sessions 54/94
Loading data for 548 events and 257 original time points ...
Loading data for 550 events and 257 original time points ...
Loading data for 550 events and 257 original time points ...
Loading data for 546 events and 257 original time points ...
[connect multimeasure edges] sessions 56/94
Loading data for 487 events and 257 original time points ...
Loading data for 229 events and 257 original time points ...
Loading data for 495 events and 257 original time points ...
Loading data for 201 events and 257 original time points ...
[connect multimeasure edges] sessions 58/94
Loading data for 549 events and 257 original time points ...
Loading data for 549 events and 257 original time points ...
Loading data for 527 events and 257 original time points ...
Loading data for 283 events and 257 original time points ...
[connect multimeasure edges] sessions 60/94
Loading data for 546 events and 257 original time points ...
Loading data for 543 events and 257 original time points ...
Loading data for 550 events and 257 original time points ...
Loading data for 548 events and 257 original time points ...
[connect multimeasure edges] sessions 62/94
Loading data for 539 events and 257 original time points ...
Loading data for 437 events and 257 original time points ...
Loading data for 548 events and 257 original time points ...
Loading data for 549 events and 257 original time points ...
[connect multimeasure edges] sessions 64/94
Loading data for 549 events and 257 original time points ...
Loading data for 549 events and 257 original time points ...
Loading data for 547 events and 257 original time points ...
Loading data for 550 events and 257 original time points ...
[connect multimeasure edges] sessions 66/94
Loading data for 489 events and 257 original time points ...
Loading data for 115 events and 257 original time points ...
Loading data for 549 events and 257 original time points ...
Loading data for 546 events and 257 original time points ...
[connect multimeasure edges] sessions 68/94
Loading data for 427 events and 257 original time points ...
Loading data for 141 events and 257 original time points ...
Loading data for 549 events and 257 original time points ...
Loading data for 547 events and 257 original time points ...
[connect multimeasure edges] sessions 70/94
Loading data for 537 events and 257 original time points ...
Loading data for 517 events and 257 original time points ...
Loading data for 517 events and 257 original time points ...
Loading data for 447 events and 257 original time points ...
[connect multimeasure edges] sessions 72/94
Loading data for 540 events and 257 original time points ...
Loading data for 503 events and 257 original time points ...
Loading data for 545 events and 257 original time points ...
Loading data for 522 events and 257 original time points ...
[connect multimeasure edges] sessions 74/94
Loading data for 547 events and 257 original time points ...
Loading data for 545 events and 257 original time points ...
Loading data for 473 events and 257 original time points ...
Loading data for 506 events and 257 original time points ...
[connect multimeasure edges] sessions 76/94
Loading data for 546 events and 257 original time points ...
Loading data for 479 events and 257 original time points ...
Loading data for 528 events and 257 original time points ...
Loading data for 435 events and 257 original time points ...
[connect multimeasure edges] sessions 78/94
Loading data for 516 events and 257 original time points ...
Loading data for 410 events and 257 original time points ...
Loading data for 419 events and 257 original time points ...
Loading data for 395 events and 257 original time points ...
[connect multimeasure edges] sessions 80/94
Loading data for 529 events and 257 original time points ...
Loading data for 502 events and 257 original time points ...
Loading data for 537 events and 257 original time points ...
Loading data for 544 events and 257 original time points ...
[connect multimeasure edges] sessions 82/94
Loading data for 484 events and 257 original time points ...
Loading data for 359 events and 257 original time points ...
Loading data for 487 events and 257 original time points ...
Loading data for 433 events and 257 original time points ...
[connect multimeasure edges] sessions 84/94
Loading data for 521 events and 257 original time points ...
Loading data for 471 events and 257 original time points ...
Loading data for 522 events and 257 original time points ...
Loading data for 436 events and 257 original time points ...
[connect multimeasure edges] sessions 86/94
Loading data for 526 events and 257 original time points ...
Loading data for 465 events and 257 original time points ...
Loading data for 529 events and 257 original time points ...
Loading data for 442 events and 257 original time points ...
[connect multimeasure edges] sessions 88/94
Loading data for 539 events and 257 original time points ...
Loading data for 547 events and 257 original time points ...
Loading data for 514 events and 257 original time points ...
Loading data for 366 events and 257 original time points ...
[connect multimeasure edges] sessions 90/94
Loading data for 544 events and 257 original time points ...
Loading data for 543 events and 257 original time points ...
Loading data for 469 events and 257 original time points ...
Loading data for 513 events and 257 original time points ...
[connect multimeasure edges] sessions 92/94
Loading data for 530 events and 257 original time points ...
Loading data for 477 events and 257 original time points ...
Loading data for 306 events and 257 original time points ...
Loading data for 478 events and 257 original time points ...
[connect multimeasure edges] sessions 94/94
[connect multimeasure edges] wrote /Users/mq20185996/projects/cat_learn_auto_eeg/output/connect_multimeasure_edge_subject_timeseries.csv
[connect multimeasure ROI] chunks 10
[connect multimeasure ROI] chunks 20
[connect multimeasure ROI] chunks 30
[connect multimeasure ROI] chunks 40
[connect multimeasure ROI] chunks 50
[connect multimeasure ROI] chunks 60
[connect multimeasure ROI] chunks 70
[connect multimeasure ROI] chunks 80
[connect multimeasure ROI] chunks 90
[connect multimeasure ROI] chunks 100
[connect multimeasure ROI] chunks 110
[connect multimeasure ROI] chunks 120
[connect multimeasure ROI] chunks 130
[connect multimeasure ROI] chunks 140
[connect multimeasure ROI] chunks 150
[connect multimeasure ROI] chunks 160
[connect multimeasure ROI] chunks 170
[connect multimeasure ROI] chunks 180
[connect multimeasure ROI] chunks 190
[connect multimeasure ROI] chunks 200
[connect multimeasure ROI] chunks 210
[connect multimeasure ROI] chunks 220
[connect multimeasure ROI] chunks 230
[connect multimeasure ROI] chunks 240
[connect multimeasure ROI] chunks 250
[connect multimeasure ROI] chunks 260
[connect multimeasure ROI] chunks 270
[connect multimeasure ROI] chunks 280
[connect multimeasure ROI] chunks 290
[connect multimeasure ROI] wrote /Users/mq20185996/projects/cat_learn_auto_eeg/output/connect_multimeasure_roi_timecourse_subject.csv
[connect multimeasure ROI] wrote /Users/mq20185996/projects/cat_learn_auto_eeg/output/connect_multimeasure_roi_timecourse_day_mean.csv
Loading data for 507 events and 257 original time points ...
Loading data for 543 events and 257 original time points ...
[connect multimeasure block] sessions 2/94
Loading data for 459 events and 257 original time points ...
Loading data for 532 events and 257 original time points ...
[connect multimeasure block] sessions 4/94
Loading data for 538 events and 257 original time points ...
Loading data for 545 events and 257 original time points ...
[connect multimeasure block] sessions 6/94
Loading data for 550 events and 257 original time points ...
Loading data for 499 events and 257 original time points ...
[connect multimeasure block] sessions 8/94
Loading data for 516 events and 257 original time points ...
Loading data for 523 events and 257 original time points ...
[connect multimeasure block] sessions 10/94
Loading data for 536 events and 257 original time points ...
Loading data for 535 events and 257 original time points ...
[connect multimeasure block] sessions 12/94
Loading data for 532 events and 257 original time points ...
Loading data for 545 events and 257 original time points ...
[connect multimeasure block] sessions 14/94
Loading data for 482 events and 257 original time points ...
Loading data for 527 events and 257 original time points ...
[connect multimeasure block] sessions 16/94
Loading data for 549 events and 257 original time points ...
Loading data for 517 events and 257 original time points ...
[connect multimeasure block] sessions 18/94
Loading data for 490 events and 257 original time points ...
Loading data for 506 events and 257 original time points ...
[connect multimeasure block] sessions 20/94
Loading data for 546 events and 257 original time points ...
Loading data for 545 events and 257 original time points ...
[connect multimeasure block] sessions 22/94
Loading data for 538 events and 257 original time points ...
/Users/mq20185996/miniforge3/envs/eeg-core/lib/python3.12/site-packages/joblib/externals/loky/process_executor.py:782: UserWarning: A worker stopped while some jobs were given to the executor. This can be caused by a too short worker timeout or by a memory leak.
  warnings.warn(
Loading data for 511 events and 257 original time points ...
[connect multimeasure block] sessions 24/94
Loading data for 550 events and 257 original time points ...
Loading data for 550 events and 257 original time points ...
[connect multimeasure block] sessions 26/94
Loading data for 545 events and 257 original time points ...
Loading data for 516 events and 257 original time points ...
[connect multimeasure block] sessions 28/94
Loading data for 548 events and 257 original time points ...
Loading data for 535 events and 257 original time points ...
[connect multimeasure block] sessions 30/94
Loading data for 510 events and 257 original time points ...
Loading data for 541 events and 257 original time points ...
[connect multimeasure block] sessions 32/94
Loading data for 545 events and 257 original time points ...
Loading data for 396 events and 257 original time points ...
[connect multimeasure block] sessions 34/94
Loading data for 452 events and 257 original time points ...
Loading data for 512 events and 257 original time points ...
[connect multimeasure block] sessions 36/94
Loading data for 516 events and 257 original time points ...
Loading data for 550 events and 257 original time points ...
[connect multimeasure block] sessions 38/94
Loading data for 502 events and 257 original time points ...
Loading data for 545 events and 257 original time points ...
[connect multimeasure block] sessions 40/94
Loading data for 545 events and 257 original time points ...
Loading data for 547 events and 257 original time points ...
[connect multimeasure block] sessions 42/94
Loading data for 542 events and 257 original time points ...
Loading data for 549 events and 257 original time points ...
[connect multimeasure block] sessions 44/94
Loading data for 545 events and 257 original time points ...
Loading data for 531 events and 257 original time points ...
[connect multimeasure block] sessions 46/94
Loading data for 513 events and 257 original time points ...
Loading data for 544 events and 257 original time points ...
[connect multimeasure block] sessions 48/94
Loading data for 483 events and 257 original time points ...
Loading data for 486 events and 257 original time points ...
[connect multimeasure block] sessions 50/94
Loading data for 487 events and 257 original time points ...
Loading data for 547 events and 257 original time points ...
[connect multimeasure block] sessions 52/94
Loading data for 511 events and 257 original time points ...
Loading data for 513 events and 257 original time points ...
[connect multimeasure block] sessions 54/94
Loading data for 548 events and 257 original time points ...
Loading data for 550 events and 257 original time points ...
[connect multimeasure block] sessions 56/94
Loading data for 487 events and 257 original time points ...
Loading data for 495 events and 257 original time points ...
[connect multimeasure block] sessions 58/94
Loading data for 549 events and 257 original time points ...
Loading data for 527 events and 257 original time points ...
[connect multimeasure block] sessions 60/94
Loading data for 550 events and 257 original time points ...
Loading data for 546 events and 257 original time points ...
[connect multimeasure block] sessions 62/94
Loading data for 539 events and 257 original time points ...
Loading data for 548 events and 257 original time points ...
[connect multimeasure block] sessions 64/94
Loading data for 549 events and 257 original time points ...
Loading data for 547 events and 257 original time points ...
[connect multimeasure block] sessions 66/94
Loading data for 489 events and 257 original time points ...
Loading data for 549 events and 257 original time points ...
[connect multimeasure block] sessions 68/94
Loading data for 427 events and 257 original time points ...
Loading data for 549 events and 257 original time points ...
[connect multimeasure block] sessions 70/94
Loading data for 537 events and 257 original time points ...
Loading data for 517 events and 257 original time points ...
[connect multimeasure block] sessions 72/94
Loading data for 540 events and 257 original time points ...
Loading data for 545 events and 257 original time points ...
[connect multimeasure block] sessions 74/94
Loading data for 547 events and 257 original time points ...
Loading data for 545 events and 257 original time points ...
[connect multimeasure block] sessions 76/94
Loading data for 528 events and 257 original time points ...
Loading data for 546 events and 257 original time points ...
[connect multimeasure block] sessions 78/94
Loading data for 516 events and 257 original time points ...
Loading data for 419 events and 257 original time points ...
[connect multimeasure block] sessions 80/94
Loading data for 529 events and 257 original time points ...
Loading data for 537 events and 257 original time points ...
[connect multimeasure block] sessions 82/94
Loading data for 484 events and 257 original time points ...
Loading data for 487 events and 257 original time points ...
[connect multimeasure block] sessions 84/94
Loading data for 521 events and 257 original time points ...
Loading data for 522 events and 257 original time points ...
[connect multimeasure block] sessions 86/94
Loading data for 526 events and 257 original time points ...
Loading data for 529 events and 257 original time points ...
[connect multimeasure block] sessions 88/94
Loading data for 514 events and 257 original time points ...
Loading data for 539 events and 257 original time points ...
[connect multimeasure block] sessions 90/94
Loading data for 543 events and 257 original time points ...
Loading data for 544 events and 257 original time points ...
[connect multimeasure block] sessions 92/94
Loading data for 530 events and 257 original time points ...
Loading data for 477 events and 257 original time points ...
[connect multimeasure block] sessions 94/94
[connect multimeasure block] coh/alpha times 10/81
[connect multimeasure block] coh/alpha times 20/81
[connect multimeasure block] coh/alpha times 30/81
[connect multimeasure block] coh/alpha times 40/81
[connect multimeasure block] coh/alpha times 50/81
[connect multimeasure block] coh/alpha times 60/81
[connect multimeasure block] coh/alpha times 70/81
[connect multimeasure block] coh/alpha times 80/81
[connect multimeasure block] coh/broadband times 10/81
[connect multimeasure block] coh/broadband times 20/81
[connect multimeasure block] coh/broadband times 30/81
[connect multimeasure block] coh/broadband times 40/81
[connect multimeasure block] coh/broadband times 50/81
[connect multimeasure block] coh/broadband times 60/81
[connect multimeasure block] coh/broadband times 70/81
[connect multimeasure block] coh/broadband times 80/81
[connect multimeasure block] coh/delta times 10/81
[connect multimeasure block] coh/delta times 20/81
[connect multimeasure block] coh/delta times 30/81
[connect multimeasure block] coh/delta times 40/81
[connect multimeasure block] coh/delta times 50/81
[connect multimeasure block] coh/delta times 60/81
[connect multimeasure block] coh/delta times 70/81
[connect multimeasure block] coh/delta times 80/81
[connect multimeasure block] coh/theta times 10/81
[connect multimeasure block] coh/theta times 20/81
[connect multimeasure block] coh/theta times 30/81
[connect multimeasure block] coh/theta times 40/81
[connect multimeasure block] coh/theta times 50/81
[connect multimeasure block] coh/theta times 60/81
[connect multimeasure block] coh/theta times 70/81
[connect multimeasure block] coh/theta times 80/81
[connect multimeasure block] imcoh/alpha times 10/81
[connect multimeasure block] imcoh/alpha times 20/81
[connect multimeasure block] imcoh/alpha times 30/81
[connect multimeasure block] imcoh/alpha times 40/81
[connect multimeasure block] imcoh/alpha times 50/81
[connect multimeasure block] imcoh/alpha times 60/81
[connect multimeasure block] imcoh/alpha times 70/81
[connect multimeasure block] imcoh/alpha times 80/81
[connect multimeasure block] imcoh/broadband times 10/81
[connect multimeasure block] imcoh/broadband times 20/81
[connect multimeasure block] imcoh/broadband times 30/81
[connect multimeasure block] imcoh/broadband times 40/81
[connect multimeasure block] imcoh/broadband times 50/81
[connect multimeasure block] imcoh/broadband times 60/81
[connect multimeasure block] imcoh/broadband times 70/81
[connect multimeasure block] imcoh/broadband times 80/81
[connect multimeasure block] imcoh/delta times 10/81
[connect multimeasure block] imcoh/delta times 20/81
[connect multimeasure block] imcoh/delta times 30/81
[connect multimeasure block] imcoh/delta times 40/81
[connect multimeasure block] imcoh/delta times 50/81
[connect multimeasure block] imcoh/delta times 60/81
[connect multimeasure block] imcoh/delta times 70/81
[connect multimeasure block] imcoh/delta times 80/81
[connect multimeasure block] imcoh/theta times 10/81
[connect multimeasure block] imcoh/theta times 20/81
[connect multimeasure block] imcoh/theta times 30/81
[connect multimeasure block] imcoh/theta times 40/81
[connect multimeasure block] imcoh/theta times 50/81
[connect multimeasure block] imcoh/theta times 60/81
[connect multimeasure block] imcoh/theta times 70/81
[connect multimeasure block] imcoh/theta times 80/81
[connect multimeasure block] pli/alpha times 10/81
[connect multimeasure block] pli/alpha times 20/81
[connect multimeasure block] pli/alpha times 30/81
[connect multimeasure block] pli/alpha times 40/81
[connect multimeasure block] pli/alpha times 50/81
[connect multimeasure block] pli/alpha times 60/81
[connect multimeasure block] pli/alpha times 70/81
[connect multimeasure block] pli/alpha times 80/81
[connect multimeasure block] pli/broadband times 10/81
[connect multimeasure block] pli/broadband times 20/81
[connect multimeasure block] pli/broadband times 30/81
[connect multimeasure block] pli/broadband times 40/81
[connect multimeasure block] pli/broadband times 50/81
[connect multimeasure block] pli/broadband times 60/81
[connect multimeasure block] pli/broadband times 70/81
[connect multimeasure block] pli/broadband times 80/81
[connect multimeasure block] pli/delta times 10/81
[connect multimeasure block] pli/delta times 20/81
[connect multimeasure block] pli/delta times 30/81
[connect multimeasure block] pli/delta times 40/81
[connect multimeasure block] pli/delta times 50/81
[connect multimeasure block] pli/delta times 60/81
[connect multimeasure block] pli/delta times 70/81
[connect multimeasure block] pli/delta times 80/81
[connect multimeasure block] pli/theta times 10/81
[connect multimeasure block] pli/theta times 20/81
[connect multimeasure block] pli/theta times 30/81
[connect multimeasure block] pli/theta times 40/81
[connect multimeasure block] pli/theta times 50/81
[connect multimeasure block] pli/theta times 60/81
[connect multimeasure block] pli/theta times 70/81
[connect multimeasure block] pli/theta times 80/81
[connect multimeasure block] plv/alpha times 10/81
[connect multimeasure block] plv/alpha times 20/81
[connect multimeasure block] plv/alpha times 30/81
[connect multimeasure block] plv/alpha times 40/81
[connect multimeasure block] plv/alpha times 50/81
[connect multimeasure block] plv/alpha times 60/81
[connect multimeasure block] plv/alpha times 70/81
[connect multimeasure block] plv/alpha times 80/81
[connect multimeasure block] plv/broadband times 10/81
[connect multimeasure block] plv/broadband times 20/81
[connect multimeasure block] plv/broadband times 30/81
[connect multimeasure block] plv/broadband times 40/81
[connect multimeasure block] plv/broadband times 50/81
[connect multimeasure block] plv/broadband times 60/81
[connect multimeasure block] plv/broadband times 70/81
[connect multimeasure block] plv/broadband times 80/81
[connect multimeasure block] plv/delta times 10/81
[connect multimeasure block] plv/delta times 20/81
[connect multimeasure block] plv/delta times 30/81
[connect multimeasure block] plv/delta times 40/81
[connect multimeasure block] plv/delta times 50/81
[connect multimeasure block] plv/delta times 60/81
[connect multimeasure block] plv/delta times 70/81
[connect multimeasure block] plv/delta times 80/81
[connect multimeasure block] plv/theta times 10/81
[connect multimeasure block] plv/theta times 20/81
[connect multimeasure block] plv/theta times 30/81
[connect multimeasure block] plv/theta times 40/81
[connect multimeasure block] plv/theta times 50/81
[connect multimeasure block] plv/theta times 60/81
[connect multimeasure block] plv/theta times 70/81
[connect multimeasure block] plv/theta times 80/81
[connect multimeasure block] wpli/alpha times 10/81
[connect multimeasure block] wpli/alpha times 20/81
[connect multimeasure block] wpli/alpha times 30/81
[connect multimeasure block] wpli/alpha times 40/81
[connect multimeasure block] wpli/alpha times 50/81
[connect multimeasure block] wpli/alpha times 60/81
[connect multimeasure block] wpli/alpha times 70/81
[connect multimeasure block] wpli/alpha times 80/81
[connect multimeasure block] wpli/broadband times 10/81
[connect multimeasure block] wpli/broadband times 20/81
[connect multimeasure block] wpli/broadband times 30/81
[connect multimeasure block] wpli/broadband times 40/81
[connect multimeasure block] wpli/broadband times 50/81
[connect multimeasure block] wpli/broadband times 60/81
[connect multimeasure block] wpli/broadband times 70/81
[connect multimeasure block] wpli/broadband times 80/81
[connect multimeasure block] wpli/delta times 10/81
[connect multimeasure block] wpli/delta times 20/81
[connect multimeasure block] wpli/delta times 30/81
[connect multimeasure block] wpli/delta times 40/81
[connect multimeasure block] wpli/delta times 50/81
[connect multimeasure block] wpli/delta times 60/81
[connect multimeasure block] wpli/delta times 70/81
[connect multimeasure block] wpli/delta times 80/81
[connect multimeasure block] wpli/theta times 10/81
[connect multimeasure block] wpli/theta times 20/81
[connect multimeasure block] wpli/theta times 30/81
[connect multimeasure block] wpli/theta times 40/81
[connect multimeasure block] wpli/theta times 50/81
[connect multimeasure block] wpli/theta times 60/81
[connect multimeasure block] wpli/theta times 70/81
[connect multimeasure block] wpli/theta times 80/81
[connect multimeasure block] wpli2_debiased/alpha times 10/81
[connect multimeasure block] wpli2_debiased/alpha times 20/81
[connect multimeasure block] wpli2_debiased/alpha times 30/81
[connect multimeasure block] wpli2_debiased/alpha times 40/81
[connect multimeasure block] wpli2_debiased/alpha times 50/81
[connect multimeasure block] wpli2_debiased/alpha times 60/81
[connect multimeasure block] wpli2_debiased/alpha times 70/81
[connect multimeasure block] wpli2_debiased/alpha times 80/81
[connect multimeasure block] wpli2_debiased/broadband times 10/81
[connect multimeasure block] wpli2_debiased/broadband times 20/81
[connect multimeasure block] wpli2_debiased/broadband times 30/81
[connect multimeasure block] wpli2_debiased/broadband times 40/81
[connect multimeasure block] wpli2_debiased/broadband times 50/81
[connect multimeasure block] wpli2_debiased/broadband times 60/81
[connect multimeasure block] wpli2_debiased/broadband times 70/81
[connect multimeasure block] wpli2_debiased/broadband times 80/81
[connect multimeasure block] wpli2_debiased/delta times 10/81
[connect multimeasure block] wpli2_debiased/delta times 20/81
[connect multimeasure block] wpli2_debiased/delta times 30/81
[connect multimeasure block] wpli2_debiased/delta times 40/81
[connect multimeasure block] wpli2_debiased/delta times 50/81
[connect multimeasure block] wpli2_debiased/delta times 60/81
[connect multimeasure block] wpli2_debiased/delta times 70/81
[connect multimeasure block] wpli2_debiased/delta times 80/81
[connect multimeasure block] wpli2_debiased/theta times 10/81
[connect multimeasure block] wpli2_debiased/theta times 20/81
[connect multimeasure block] wpli2_debiased/theta times 30/81
[connect multimeasure block] wpli2_debiased/theta times 40/81
[connect multimeasure block] wpli2_debiased/theta times 50/81
[connect multimeasure block] wpli2_debiased/theta times 60/81
[connect multimeasure block] wpli2_debiased/theta times 70/81
[connect multimeasure block] wpli2_debiased/theta times 80/81
[connect multimeasure block] wrote /Users/mq20185996/projects/cat_learn_auto_eeg/output/connect_multimeasure_block_model_timecourse_subject.csv
[connect multimeasure block] wrote /Users/mq20185996/projects/cat_learn_auto_eeg/output/connect_multimeasure_block_model_timecourse_summary.csv
/Users/mq20185996/miniforge3/envs/eeg-core/bin/python: can't find '__main__' module in '/Users/mq20185996/projects/cat_learn_auto_eeg/code/'
