[connect multimeasure block] sessions 1/5
[connect multimeasure block] sessions 2/5
[connect multimeasure block] sessions 3/5
[connect multimeasure block] sessions 4/5
[connect multimeasure block] sessions 5/5
[connect multimeasure block] coh/alpha times 10/81
[connect multimeasure block] coh/alpha times 20/81
[connect multimeasure block] coh/alpha times 30/81
[connect multimeasure block] coh/alpha times 40/81
[connect multimeasure block] coh/alpha times 50/81
[connect multimeasure block] coh/alpha times 60/81
[connect multimeasure block] coh/alpha times 70/81
[connect multimeasure block] coh/alpha times 80/81
[connect multimeasure block] coh/broadband times 10/81
[connect multimeasure block] coh/broadband times 20/81
[connect multimeasure block] coh/broadband times 30/81
[connect multimeasure block] coh/broadband times 40/81
[connect multimeasure block] coh/broadband times 50/81
[connect multimeasure block] coh/broadband times 60/81
[connect multimeasure block] coh/broadband times 70/81
[connect multimeasure block] coh/broadband times 80/81
[connect multimeasure block] coh/delta times 10/81
[connect multimeasure block] coh/delta times 20/81
[connect multimeasure block] coh/delta times 30/81
[connect multimeasure block] coh/delta times 40/81
[connect multimeasure block] coh/delta times 50/81
[connect multimeasure block] coh/delta times 60/81
[connect multimeasure block] coh/delta times 70/81
[connect multimeasure block] coh/delta times 80/81
[connect multimeasure block] coh/theta times 10/81
[connect multimeasure block] coh/theta times 20/81
[connect multimeasure block] coh/theta times 30/81
[connect multimeasure block] coh/theta times 40/81
[connect multimeasure block] coh/theta times 50/81
[connect multimeasure block] coh/theta times 60/81
[connect multimeasure block] coh/theta times 70/81
[connect multimeasure block] coh/theta times 80/81
[connect multimeasure block] imcoh/alpha times 10/81
[connect multimeasure block] imcoh/alpha times 20/81
[connect multimeasure block] imcoh/alpha times 30/81
[connect multimeasure block] imcoh/alpha times 40/81
[connect multimeasure block] imcoh/alpha times 50/81
[connect multimeasure block] imcoh/alpha times 60/81
[connect multimeasure block] imcoh/alpha times 70/81
[connect multimeasure block] imcoh/alpha times 80/81
[connect multimeasure block] imcoh/broadband times 10/81
[connect multimeasure block] imcoh/broadband times 20/81
[connect multimeasure block] imcoh/broadband times 30/81
[connect multimeasure block] imcoh/broadband times 40/81
[connect multimeasure block] imcoh/broadband times 50/81
[connect multimeasure block] imcoh/broadband times 60/81
[connect multimeasure block] imcoh/broadband times 70/81
[connect multimeasure block] imcoh/broadband times 80/81
[connect multimeasure block] imcoh/delta times 10/81
[connect multimeasure block] imcoh/delta times 20/81
[connect multimeasure block] imcoh/delta times 30/81
[connect multimeasure block] imcoh/delta times 40/81
[connect multimeasure block] imcoh/delta times 50/81
[connect multimeasure block] imcoh/delta times 60/81
[connect multimeasure block] imcoh/delta times 70/81
[connect multimeasure block] imcoh/delta times 80/81
[connect multimeasure block] imcoh/theta times 10/81
[connect multimeasure block] imcoh/theta times 20/81
[connect multimeasure block] imcoh/theta times 30/81
[connect multimeasure block] imcoh/theta times 40/81
[connect multimeasure block] imcoh/theta times 50/81
[connect multimeasure block] imcoh/theta times 60/81
[connect multimeasure block] imcoh/theta times 70/81
[connect multimeasure block] imcoh/theta times 80/81
[connect multimeasure block] pli/alpha times 10/81
[connect multimeasure block] pli/alpha times 20/81
[connect multimeasure block] pli/alpha times 30/81
[connect multimeasure block] pli/alpha times 40/81
[connect multimeasure block] pli/alpha times 50/81
[connect multimeasure block] pli/alpha times 60/81
[connect multimeasure block] pli/alpha times 70/81
[connect multimeasure block] pli/alpha times 80/81
[connect multimeasure block] pli/broadband times 10/81
[connect multimeasure block] pli/broadband times 20/81
[connect multimeasure block] pli/broadband times 30/81
[connect multimeasure block] pli/broadband times 40/81
[connect multimeasure block] pli/broadband times 50/81
[connect multimeasure block] pli/broadband times 60/81
[connect multimeasure block] pli/broadband times 70/81
[connect multimeasure block] pli/broadband times 80/81
[connect multimeasure block] pli/delta times 10/81
[connect multimeasure block] pli/delta times 20/81
[connect multimeasure block] pli/delta times 30/81
[connect multimeasure block] pli/delta times 40/81
[connect multimeasure block] pli/delta times 50/81
[connect multimeasure block] pli/delta times 60/81
[connect multimeasure block] pli/delta times 70/81
[connect multimeasure block] pli/delta times 80/81
[connect multimeasure block] pli/theta times 10/81
[connect multimeasure block] pli/theta times 20/81
[connect multimeasure block] pli/theta times 30/81
[connect multimeasure block] pli/theta times 40/81
[connect multimeasure block] pli/theta times 50/81
[connect multimeasure block] pli/theta times 60/81
[connect multimeasure block] pli/theta times 70/81
[connect multimeasure block] pli/theta times 80/81
[connect multimeasure block] plv/alpha times 10/81
[connect multimeasure block] plv/alpha times 20/81
[connect multimeasure block] plv/alpha times 30/81
[connect multimeasure block] plv/alpha times 40/81
[connect multimeasure block] plv/alpha times 50/81
[connect multimeasure block] plv/alpha times 60/81
[connect multimeasure block] plv/alpha times 70/81
[connect multimeasure block] plv/alpha times 80/81
[connect multimeasure block] plv/broadband times 10/81
[connect multimeasure block] plv/broadband times 20/81
[connect multimeasure block] plv/broadband times 30/81
[connect multimeasure block] plv/broadband times 40/81
[connect multimeasure block] plv/broadband times 50/81
[connect multimeasure block] plv/broadband times 60/81
[connect multimeasure block] plv/broadband times 70/81
[connect multimeasure block] plv/broadband times 80/81
[connect multimeasure block] plv/delta times 10/81
[connect multimeasure block] plv/delta times 20/81
[connect multimeasure block] plv/delta times 30/81
[connect multimeasure block] plv/delta times 40/81
[connect multimeasure block] plv/delta times 50/81
[connect multimeasure block] plv/delta times 60/81
[connect multimeasure block] plv/delta times 70/81
[connect multimeasure block] plv/delta times 80/81
[connect multimeasure block] plv/theta times 10/81
[connect multimeasure block] plv/theta times 20/81
[connect multimeasure block] plv/theta times 30/81
[connect multimeasure block] plv/theta times 40/81
[connect multimeasure block] plv/theta times 50/81
[connect multimeasure block] plv/theta times 60/81
[connect multimeasure block] plv/theta times 70/81
[connect multimeasure block] plv/theta times 80/81
[connect multimeasure block] wpli/alpha times 10/81
[connect multimeasure block] wpli/alpha times 20/81
[connect multimeasure block] wpli/alpha times 30/81
[connect multimeasure block] wpli/alpha times 40/81
[connect multimeasure block] wpli/alpha times 50/81
[connect multimeasure block] wpli/alpha times 60/81
[connect multimeasure block] wpli/alpha times 70/81
[connect multimeasure block] wpli/alpha times 80/81
[connect multimeasure block] wpli/broadband times 10/81
[connect multimeasure block] wpli/broadband times 20/81
[connect multimeasure block] wpli/broadband times 30/81
[connect multimeasure block] wpli/broadband times 40/81
[connect multimeasure block] wpli/broadband times 50/81
[connect multimeasure block] wpli/broadband times 60/81
[connect multimeasure block] wpli/broadband times 70/81
[connect multimeasure block] wpli/broadband times 80/81
[connect multimeasure block] wpli/delta times 10/81
[connect multimeasure block] wpli/delta times 20/81
[connect multimeasure block] wpli/delta times 30/81
[connect multimeasure block] wpli/delta times 40/81
[connect multimeasure block] wpli/delta times 50/81
[connect multimeasure block] wpli/delta times 60/81
[connect multimeasure block] wpli/delta times 70/81
[connect multimeasure block] wpli/delta times 80/81
[connect multimeasure block] wpli/theta times 10/81
[connect multimeasure block] wpli/theta times 20/81
[connect multimeasure block] wpli/theta times 30/81
[connect multimeasure block] wpli/theta times 40/81
[connect multimeasure block] wpli/theta times 50/81
[connect multimeasure block] wpli/theta times 60/81
[connect multimeasure block] wpli/theta times 70/81
[connect multimeasure block] wpli/theta times 80/81
[connect multimeasure block] wpli2_debiased/alpha times 10/81
[connect multimeasure block] wpli2_debiased/alpha times 20/81
[connect multimeasure block] wpli2_debiased/alpha times 30/81
[connect multimeasure block] wpli2_debiased/alpha times 40/81
[connect multimeasure block] wpli2_debiased/alpha times 50/81
[connect multimeasure block] wpli2_debiased/alpha times 60/81
[connect multimeasure block] wpli2_debiased/alpha times 70/81
[connect multimeasure block] wpli2_debiased/alpha times 80/81
[connect multimeasure block] wpli2_debiased/broadband times 10/81
[connect multimeasure block] wpli2_debiased/broadband times 20/81
[connect multimeasure block] wpli2_debiased/broadband times 30/81
[connect multimeasure block] wpli2_debiased/broadband times 40/81
[connect multimeasure block] wpli2_debiased/broadband times 50/81
[connect multimeasure block] wpli2_debiased/broadband times 60/81
[connect multimeasure block] wpli2_debiased/broadband times 70/81
[connect multimeasure block] wpli2_debiased/broadband times 80/81
[connect multimeasure block] wpli2_debiased/delta times 10/81
[connect multimeasure block] wpli2_debiased/delta times 20/81
[connect multimeasure block] wpli2_debiased/delta times 30/81
[connect multimeasure block] wpli2_debiased/delta times 40/81
[connect multimeasure block] wpli2_debiased/delta times 50/81
[connect multimeasure block] wpli2_debiased/delta times 60/81
[connect multimeasure block] wpli2_debiased/delta times 70/81
[connect multimeasure block] wpli2_debiased/delta times 80/81
[connect multimeasure block] wpli2_debiased/theta times 10/81
[connect multimeasure block] wpli2_debiased/theta times 20/81
[connect multimeasure block] wpli2_debiased/theta times 30/81
[connect multimeasure block] wpli2_debiased/theta times 40/81
[connect multimeasure block] wpli2_debiased/theta times 50/81
[connect multimeasure block] wpli2_debiased/theta times 60/81
[connect multimeasure block] wpli2_debiased/theta times 70/81
[connect multimeasure block] wpli2_debiased/theta times 80/81
[connect multimeasure block] wrote /Users/mq20185996/projects/cat_learn_auto_eeg/output/connect_multimeasure_smoke_block_model_timecourse_subject.csv
[connect multimeasure block] wrote /Users/mq20185996/projects/cat_learn_auto_eeg/output/connect_multimeasure_smoke_block_model_timecourse_summary.csv
