[MVPA difficulty] Running 94 sessions (n_workers=8)
Loading data for 532 events and 257 original time points ...
Loading data for 507 events and 257 original time points ...
Loading data for 545 events and 257 original time points ...
Loading data for 550 events and 257 original time points ...
Loading data for 459 events and 257 original time points ...
Loading data for 543 events and 257 original time points ...
Loading data for 538 events and 257 original time points ...
Loading data for 499 events and 257 original time points ...
Loading data for 516 events and 257 original time points ...
Loading data for 523 events and 257 original time points ...
Loading data for 536 events and 257 original time points ...
[MVPA difficulty] complete 5/94 sessions (elapsed 0.4 min)
Loading data for 535 events and 257 original time points ...
Loading data for 532 events and 257 original time points ...
Loading data for 482 events and 257 original time points ...
Loading data for 527 events and 257 original time points ...
Loading data for 545 events and 257 original time points ...
Loading data for 549 events and 257 original time points ...
[MVPA difficulty] complete 10/94 sessions (elapsed 0.7 min)
Loading data for 517 events and 257 original time points ...
Loading data for 490 events and 257 original time points ...
Loading data for 506 events and 257 original time points ...
Loading data for 546 events and 257 original time points ...
Loading data for 545 events and 257 original time points ...
[MVPA difficulty] complete 15/94 sessions (elapsed 0.7 min)
Loading data for 538 events and 257 original time points ...
Loading data for 511 events and 257 original time points ...
Loading data for 550 events and 257 original time points ...
Loading data for 550 events and 257 original time points ...
Loading data for 545 events and 257 original time points ...
[MVPA difficulty] complete 20/94 sessions (elapsed 1.1 min)
Loading data for 516 events and 257 original time points ...
/Users/mq20185996/miniforge3/envs/eeg-core/lib/python3.12/site-packages/joblib/externals/loky/process_executor.py:782: UserWarning: A worker stopped while some jobs were given to the executor. This can be caused by a too short worker timeout or by a memory leak.
  warnings.warn(
Loading data for 535 events and 257 original time points ...
Loading data for 510 events and 257 original time points ...
Loading data for 541 events and 257 original time points ...
Loading data for 548 events and 257 original time points ...
[MVPA difficulty] complete 25/94 sessions (elapsed 1.4 min)
Loading data for 545 events and 257 original time points ...
Loading data for 452 events and 257 original time points ...
Loading data for 516 events and 257 original time points ...
[MVPA difficulty] complete 30/94 sessions (elapsed 1.4 min)
Loading data for 550 events and 257 original time points ...
Loading data for 545 events and 257 original time points ...
Loading data for 396 events and 257 original time points ...
Loading data for 512 events and 257 original time points ...
Loading data for 502 events and 257 original time points ...
Loading data for 545 events and 257 original time points ...
Loading data for 547 events and 257 original time points ...
[MVPA difficulty] complete 35/94 sessions (elapsed 1.7 min)
Loading data for 542 events and 257 original time points ...
Loading data for 549 events and 257 original time points ...
Loading data for 531 events and 257 original time points ...
Loading data for 513 events and 257 original time points ...
[MVPA difficulty] complete 40/94 sessions (elapsed 1.8 min)
Loading data for 544 events and 257 original time points ...
Loading data for 545 events and 257 original time points ...
Loading data for 483 events and 257 original time points ...
Loading data for 486 events and 257 original time points ...
Loading data for 487 events and 257 original time points ...
Loading data for 547 events and 257 original time points ...
[MVPA difficulty] complete 45/94 sessions (elapsed 2.1 min)
Loading data for 511 events and 257 original time points ...
Loading data for 513 events and 257 original time points ...
Loading data for 548 events and 257 original time points ...
Loading data for 550 events and 257 original time points ...
Loading data for 487 events and 257 original time points ...
[MVPA difficulty] complete 50/94 sessions (elapsed 2.4 min)
Loading data for 495 events and 257 original time points ...
Loading data for 549 events and 257 original time points ...
Loading data for 527 events and 257 original time points ...
Loading data for 546 events and 257 original time points ...
Loading data for 550 events and 257 original time points ...
[MVPA difficulty] complete 55/94 sessions (elapsed 2.5 min)
Loading data for 539 events and 257 original time points ...
Loading data for 548 events and 257 original time points ...
Loading data for 549 events and 257 original time points ...
Loading data for 489 events and 257 original time points ...
Loading data for 547 events and 257 original time points ...
[MVPA difficulty] complete 60/94 sessions (elapsed 2.8 min)
Loading data for 549 events and 257 original time points ...
Loading data for 427 events and 257 original time points ...
Loading data for 537 events and 257 original time points ...
Loading data for 549 events and 257 original time points ...
Loading data for 517 events and 257 original time points ...
[MVPA difficulty] complete 65/94 sessions (elapsed 3.0 min)
Loading data for 540 events and 257 original time points ...
Loading data for 545 events and 257 original time points ...
Loading data for 547 events and 257 original time points ...
Loading data for 545 events and 257 original time points ...
Loading data for 546 events and 257 original time points ...
[MVPA difficulty] complete 70/94 sessions (elapsed 3.2 min)
Loading data for 528 events and 257 original time points ...
Loading data for 516 events and 257 original time points ...
Loading data for 419 events and 257 original time points ...
Loading data for 529 events and 257 original time points ...
Loading data for 537 events and 257 original time points ...
[MVPA difficulty] complete 75/94 sessions (elapsed 3.4 min)
Loading data for 484 events and 257 original time points ...
Loading data for 487 events and 257 original time points ...
Loading data for 521 events and 257 original time points ...
Loading data for 522 events and 257 original time points ...
[MVPA difficulty] complete 80/94 sessions (elapsed 3.6 min)
Loading data for 529 events and 257 original time points ...
Loading data for 526 events and 257 original time points ...
Loading data for 514 events and 257 original time points ...
Loading data for 539 events and 257 original time points ...
Loading data for 543 events and 257 original time points ...
Loading data for 544 events and 257 original time points ...
[MVPA difficulty] complete 85/94 sessions (elapsed 3.9 min)
Loading data for 530 events and 257 original time points ...
Loading data for 477 events and 257 original time points ...
[MVPA difficulty] complete 90/94 sessions (elapsed 4.1 min)
[MVPA difficulty] wrote /Users/mq20185996/projects/cat_learn_auto_eeg/output/mvpa_stim_locked_cat_difficulty_day_means_timecourse.csv
[MVPA difficulty figure] wrote /Users/mq20185996/projects/cat_learn_auto_eeg/figures/mvpa_stim_locked_cat_difficulty_time_resolved_auc.png
[MVPA difficulty ROI] Running 94 sessions (n_workers=8)
Loading data for 532 events and 257 original time points ...
Loading data for 538 events and 257 original time points ...
Loading data for 507 events and 257 original time points ...
Loading data for 545 events and 257 original time points ...
Loading data for 550 events and 257 original time points ...
Loading data for 459 events and 257 original time points ...
Loading data for 499 events and 257 original time points ...
Loading data for 543 events and 257 original time points ...
Loading data for 516 events and 257 original time points ...
Loading data for 523 events and 257 original time points ...
Loading data for 536 events and 257 original time points ...
Loading data for 535 events and 257 original time points ...
[MVPA difficulty ROI] complete 5/94 sessions (elapsed 0.7 min)
Loading data for 532 events and 257 original time points ...
Loading data for 482 events and 257 original time points ...
Loading data for 545 events and 257 original time points ...
Loading data for 527 events and 257 original time points ...
Loading data for 549 events and 257 original time points ...
[MVPA difficulty ROI] complete 10/94 sessions (elapsed 1.2 min)
Loading data for 517 events and 257 original time points ...
Loading data for 490 events and 257 original time points ...
Loading data for 506 events and 257 original time points ...
Loading data for 546 events and 257 original time points ...
Loading data for 545 events and 257 original time points ...
[MVPA difficulty ROI] complete 15/94 sessions (elapsed 1.3 min)
Loading data for 538 events and 257 original time points ...
Loading data for 511 events and 257 original time points ...
Loading data for 550 events and 257 original time points ...
Loading data for 550 events and 257 original time points ...
/Users/mq20185996/miniforge3/envs/eeg-core/lib/python3.12/site-packages/joblib/externals/loky/process_executor.py:782: UserWarning: A worker stopped while some jobs were given to the executor. This can be caused by a too short worker timeout or by a memory leak.
  warnings.warn(
[MVPA difficulty ROI] complete 20/94 sessions (elapsed 1.9 min)
Loading data for 545 events and 257 original time points ...
Loading data for 548 events and 257 original time points ...
Loading data for 535 events and 257 original time points ...
Loading data for 510 events and 257 original time points ...
Loading data for 541 events and 257 original time points ...
Loading data for 516 events and 257 original time points ...
[MVPA difficulty ROI] complete 25/94 sessions (elapsed 2.5 min)
Loading data for 545 events and 257 original time points ...
Loading data for 512 events and 257 original time points ...
Loading data for 516 events and 257 original time points ...
[MVPA difficulty ROI] complete 30/94 sessions (elapsed 2.5 min)
Loading data for 550 events and 257 original time points ...
Loading data for 545 events and 257 original time points ...
Loading data for 396 events and 257 original time points ...
Loading data for 452 events and 257 original time points ...
Loading data for 502 events and 257 original time points ...
Loading data for 545 events and 257 original time points ...
Loading data for 547 events and 257 original time points ...
[MVPA difficulty ROI] complete 35/94 sessions (elapsed 3.1 min)
Loading data for 542 events and 257 original time points ...
Loading data for 549 events and 257 original time points ...
Loading data for 545 events and 257 original time points ...
Loading data for 531 events and 257 original time points ...
[MVPA difficulty ROI] complete 40/94 sessions (elapsed 3.2 min)
Loading data for 544 events and 257 original time points ...
Loading data for 513 events and 257 original time points ...
Loading data for 483 events and 257 original time points ...
Loading data for 486 events and 257 original time points ...
Loading data for 487 events and 257 original time points ...
Loading data for 547 events and 257 original time points ...
[MVPA difficulty ROI] complete 45/94 sessions (elapsed 3.8 min)
Loading data for 511 events and 257 original time points ...
Loading data for 513 events and 257 original time points ...
Loading data for 548 events and 257 original time points ...
Loading data for 550 events and 257 original time points ...
Loading data for 487 events and 257 original time points ...
[MVPA difficulty ROI] complete 50/94 sessions (elapsed 4.3 min)
Loading data for 495 events and 257 original time points ...
Loading data for 549 events and 257 original time points ...
Loading data for 527 events and 257 original time points ...
Loading data for 546 events and 257 original time points ...
Loading data for 550 events and 257 original time points ...
[MVPA difficulty ROI] complete 55/94 sessions (elapsed 4.4 min)
Loading data for 539 events and 257 original time points ...
Loading data for 548 events and 257 original time points ...
Loading data for 549 events and 257 original time points ...
Loading data for 547 events and 257 original time points ...
Loading data for 489 events and 257 original time points ...
[MVPA difficulty ROI] complete 60/94 sessions (elapsed 5.0 min)
Loading data for 427 events and 257 original time points ...
Loading data for 549 events and 257 original time points ...
Loading data for 549 events and 257 original time points ...
Loading data for 537 events and 257 original time points ...
Loading data for 517 events and 257 original time points ...
[MVPA difficulty ROI] complete 65/94 sessions (elapsed 5.5 min)
Loading data for 540 events and 257 original time points ...
Loading data for 545 events and 257 original time points ...
Loading data for 547 events and 257 original time points ...
Loading data for 545 events and 257 original time points ...
Loading data for 546 events and 257 original time points ...
[MVPA difficulty ROI] complete 70/94 sessions (elapsed 5.7 min)
Loading data for 528 events and 257 original time points ...
Loading data for 516 events and 257 original time points ...
Loading data for 419 events and 257 original time points ...
Loading data for 529 events and 257 original time points ...
[MVPA difficulty ROI] complete 75/94 sessions (elapsed 6.2 min)
Loading data for 537 events and 257 original time points ...
Loading data for 487 events and 257 original time points ...
Loading data for 484 events and 257 original time points ...
Loading data for 521 events and 257 original time points ...
Loading data for 522 events and 257 original time points ...
Loading data for 526 events and 257 original time points ...
[MVPA difficulty ROI] complete 80/94 sessions (elapsed 6.3 min)
Loading data for 529 events and 257 original time points ...
Loading data for 514 events and 257 original time points ...
Loading data for 539 events and 257 original time points ...
Loading data for 543 events and 257 original time points ...
Loading data for 544 events and 257 original time points ...
[MVPA difficulty ROI] complete 85/94 sessions (elapsed 6.9 min)
Loading data for 530 events and 257 original time points ...
Loading data for 477 events and 257 original time points ...
[MVPA difficulty ROI] complete 90/94 sessions (elapsed 12.8 min)
[MVPA difficulty ROI] wrote /Users/mq20185996/projects/cat_learn_auto_eeg/output/mvpa_stim_locked_cat_difficulty_roi_day_means_timecourse.csv
[MVPA difficulty ROI figure] wrote /Users/mq20185996/projects/cat_learn_auto_eeg/figures/mvpa_stim_locked_cat_difficulty_roi_time_resolved_auc.png
[MVPA block difficulty] Running 19 subjects (n_workers=4)
Loading data for 543 events and 257 original time points ...
Loading data for 545 events and 257 original time points ...
Loading data for 527 events and 257 original time points ...
Loading data for 536 events and 257 original time points ...
Loading data for 549 events and 257 original time points ...
Loading data for 535 events and 257 original time points ...
Loading data for 507 events and 257 original time points ...
Loading data for 499 events and 257 original time points ...
Loading data for 550 events and 257 original time points ...
Loading data for 459 events and 257 original time points ...
Loading data for 532 events and 257 original time points ...
Loading data for 517 events and 257 original time points ...
Loading data for 532 events and 257 original time points ...
Loading data for 490 events and 257 original time points ...
Loading data for 516 events and 257 original time points ...
Loading data for 545 events and 257 original time points ...
Loading data for 538 events and 257 original time points ...
Loading data for 506 events and 257 original time points ...
Loading data for 523 events and 257 original time points ...
Loading data for 482 events and 257 original time points ...
[MVPA block difficulty] subject 3: easy done
[MVPA block difficulty] subject 2: easy done
[MVPA block difficulty] subject 4: easy done
[MVPA block difficulty] subject 1: easy done
[MVPA block difficulty] subject 3: difficult done
Loading data for 546 events and 257 original time points ...
Loading data for 545 events and 257 original time points ...
Loading data for 538 events and 257 original time points ...
[MVPA block difficulty] subject 2: difficult done
Loading data for 550 events and 257 original time points ...
Loading data for 511 events and 257 original time points ...
Loading data for 545 events and 257 original time points ...
Loading data for 550 events and 257 original time points ...
[MVPA block difficulty] subject 4: difficult done
Loading data for 510 events and 257 original time points ...
Loading data for 516 events and 257 original time points ...
Loading data for 541 events and 257 original time points ...
Loading data for 548 events and 257 original time points ...
Loading data for 545 events and 257 original time points ...
Loading data for 535 events and 257 original time points ...
Loading data for 396 events and 257 original time points ...
Loading data for 452 events and 257 original time points ...
[MVPA block difficulty] subject 1: difficult done
Loading data for 512 events and 257 original time points ...
Loading data for 516 events and 257 original time points ...
Loading data for 550 events and 257 original time points ...
Loading data for 545 events and 257 original time points ...
Loading data for 502 events and 257 original time points ...
/Users/mq20185996/miniforge3/envs/eeg-core/lib/python3.12/site-packages/joblib/externals/loky/backend/resource_tracker.py:359: UserWarning: resource_tracker: There appear to be 10 leaked semlock objects to clean up at shutdown
  warnings.warn(
/Users/mq20185996/miniforge3/envs/eeg-core/lib/python3.12/site-packages/joblib/externals/loky/backend/resource_tracker.py:359: UserWarning: resource_tracker: There appear to be 2 leaked folder objects to clean up at shutdown
  warnings.warn(
/Users/mq20185996/miniforge3/envs/eeg-core/lib/python3.12/site-packages/joblib/externals/loky/backend/resource_tracker.py:375: UserWarning: resource_tracker: /var/folders/cr/kjfg07k53dv9vbpm8n3hkln40000gp/T/joblib_memmapping_folder_6871_3d416a422ce945f5a7bc8319263426ee_8d0ea87bc33640628d0afa46dbec80d8: FileNotFoundError(2, 'No such file or directory')
  warnings.warn(f"resource_tracker: {name}: {e!r}")
/Users/mq20185996/miniforge3/envs/eeg-core/lib/python3.12/site-packages/joblib/externals/loky/backend/resource_tracker.py:375: UserWarning: resource_tracker: /var/folders/cr/kjfg07k53dv9vbpm8n3hkln40000gp/T/joblib_memmapping_folder_6871_3d416a422ce945f5a7bc8319263426ee_b5f04e8672184a9a9d7b1c2961162483: FileNotFoundError(2, 'No such file or directory')
  warnings.warn(f"resource_tracker: {name}: {e!r}")
Traceback (most recent call last):
  File "/Users/mq20185996/projects/cat_learn_auto_eeg/code/mvpa_block_model_timecourse_difficulty_figure.py", line 113, in <module>
    save_fig_mvpa_block_model_timecourse_difficulty()
  File "/Users/mq20185996/projects/cat_learn_auto_eeg/code/mvpa_block_model_timecourse_difficulty_figure.py", line 86, in save_fig_mvpa_block_model_timecourse_difficulty
    d = require_csv(output_dir / "mvpa_block_model_timecourse_difficulty_summary.csv")
        ^^^^^^^^^^^^^^^^^^^^^^^^^^^^^^^^^^^^^^^^^^^^^^^^^^^^^^^^^^^^^^^^^^^^^^^^^^^^^^
  File "/Users/mq20185996/projects/cat_learn_auto_eeg/code/mvpa_block_model_timecourse_difficulty_figure.py", line 28, in require_csv
    raise FileNotFoundError(
FileNotFoundError: Missing MVPA block difficulty output: /Users/mq20185996/projects/cat_learn_auto_eeg/output/mvpa_block_model_timecourse_difficulty_summary.csv. Run mvpa_block_model_timecourse_difficulty_analysis.py first.
