New ROI analysis batch started
Repo: /Users/mq20185996/projects/cat_learn_auto_eeg
Python: python
Sat 13 Jun 2026 14:48:42 AEST

==== ERP day-similarity analysis ====
Sat 13 Jun 2026 14:48:42 AEST
Matplotlib is building the font cache; this may take a moment.
[ERP day similarity] wrote /Users/mq20185996/projects/cat_learn_auto_eeg/output/erp_day_similarity_empirical_values.csv
[ERP day similarity] wrote /Users/mq20185996/projects/cat_learn_auto_eeg/output/erp_day_similarity_model_scores.csv
[ERP day similarity] wrote /Users/mq20185996/projects/cat_learn_auto_eeg/output/erp_day_similarity_group_matrices.csv

==== ERP day-similarity figures ====
Sat 13 Jun 2026 14:48:58 AEST
[ERP day similarity] wrote /Users/mq20185996/projects/cat_learn_auto_eeg/figures/erp_day_similarity_model_scores.png
[ERP day similarity] wrote /Users/mq20185996/projects/cat_learn_auto_eeg/figures/erp_day_similarity_matrices.png

==== Connectivity ROI time-course analysis ====
Sat 13 Jun 2026 14:49:03 AEST
[connect ROI] subject chunks 10
[connect ROI] subject chunks 20
[connect ROI] subject chunks 30
[connect ROI] subject chunks 40
