New ROI analysis batch started
Repo: /Users/mq20185996/projects/cat_learn_auto_eeg
Python: python
Force: 0
Sat 13 Jun 2026 14:59:53 AEST

==== ERP day-similarity analysis ====
Sat 13 Jun 2026 14:59:53 AEST
Skipping; found /Users/mq20185996/projects/cat_learn_auto_eeg/output/erp_day_similarity_group_matrices.csv

==== ERP day-similarity figures ====
Sat 13 Jun 2026 14:59:53 AEST
Skipping; found /Users/mq20185996/projects/cat_learn_auto_eeg/figures/erp_day_similarity_matrices.png

==== Connectivity ROI time-course analysis ====
Sat 13 Jun 2026 14:59:53 AEST
[connect ROI] subject chunks 10
[connect ROI] subject chunks 20
[connect ROI] subject chunks 30
[connect ROI] subject chunks 40
[connect ROI] subject chunks 50
[connect ROI] subject chunks 60
[connect ROI] subject chunks 70
[connect ROI] subject chunks 80
[connect ROI] subject chunks 90
[connect ROI] subject chunks 100
[connect ROI] subject chunks 110
[connect ROI] wrote /Users/mq20185996/projects/cat_learn_auto_eeg/output/connect_roi_timecourse_subject.csv
[connect ROI] wrote /Users/mq20185996/projects/cat_learn_auto_eeg/output/connect_roi_timecourse_day_mean.csv

==== Connectivity ROI time-course figure ====
Sat 13 Jun 2026 15:00:32 AEST
[connect ROI] wrote /Users/mq20185996/projects/cat_learn_auto_eeg/figures/connect_roi_timecourse_visual_frontal_central.png

==== MVPA ROI time-resolved analysis ====
Sat 13 Jun 2026 15:00:34 AEST
[MVPA ROI] Starting ROI decoding on 94 sessions (n_workers=8)...
Loading data for 538 events and 257 original time points ...
Loading data for 459 events and 257 original time points ...
Loading data for 545 events and 257 original time points ...
Loading data for 499 events and 257 original time points ...
Loading data for 532 events and 257 original time points ...
Loading data for 507 events and 257 original time points ...
Loading data for 543 events and 257 original time points ...
Loading data for 550 events and 257 original time points ...
Loading data for 516 events and 257 original time points ...
Loading data for 523 events and 257 original time points ...
Loading data for 536 events and 257 original time points ...
Loading data for 535 events and 257 original time points ...
[MVPA ROI] complete 5/94 sessions (elapsed 0.4 min)
Loading data for 532 events and 257 original time points ...
Loading data for 545 events and 257 original time points ...
Loading data for 482 events and 257 original time points ...
Loading data for 527 events and 257 original time points ...
Loading data for 549 events and 257 original time points ...
[MVPA ROI] complete 10/94 sessions (elapsed 0.8 min)
Loading data for 517 events and 257 original time points ...
Loading data for 490 events and 257 original time points ...
Loading data for 506 events and 257 original time points ...
Loading data for 546 events and 257 original time points ...
Loading data for 545 events and 257 original time points ...
[MVPA ROI] complete 15/94 sessions (elapsed 0.8 min)
Loading data for 538 events and 257 original time points ...
Loading data for 511 events and 257 original time points ...
/Users/mq20185996/miniforge3/envs/eeg-core/lib/python3.12/site-packages/joblib/externals/loky/process_executor.py:782: UserWarning: A worker stopped while some jobs were given to the executor. This can be caused by a too short worker timeout or by a memory leak.
  warnings.warn(
Loading data for 550 events and 257 original time points ...
Loading data for 545 events and 257 original time points ...
[MVPA ROI] complete 20/94 sessions (elapsed 1.1 min)
Loading data for 516 events and 257 original time points ...
Loading data for 548 events and 257 original time points ...
Loading data for 535 events and 257 original time points ...
Loading data for 550 events and 257 original time points ...
Loading data for 510 events and 257 original time points ...
Loading data for 541 events and 257 original time points ...
[MVPA ROI] complete 25/94 sessions (elapsed 1.5 min)
Loading data for 545 events and 257 original time points ...
Loading data for 396 events and 257 original time points ...
Loading data for 452 events and 257 original time points ...
Loading data for 512 events and 257 original time points ...
[MVPA ROI] complete 30/94 sessions (elapsed 1.5 min)
Loading data for 550 events and 257 original time points ...
Loading data for 545 events and 257 original time points ...
Loading data for 516 events and 257 original time points ...
Loading data for 502 events and 257 original time points ...
Loading data for 545 events and 257 original time points ...
Loading data for 547 events and 257 original time points ...
[MVPA ROI] complete 35/94 sessions (elapsed 1.9 min)
Loading data for 542 events and 257 original time points ...
Loading data for 549 events and 257 original time points ...
Loading data for 545 events and 257 original time points ...
Loading data for 531 events and 257 original time points ...
Loading data for 513 events and 257 original time points ...
[MVPA ROI] complete 40/94 sessions (elapsed 1.9 min)
Loading data for 544 events and 257 original time points ...
Loading data for 483 events and 257 original time points ...
Loading data for 487 events and 257 original time points ...
Loading data for 547 events and 257 original time points ...
Loading data for 486 events and 257 original time points ...
[MVPA ROI] complete 45/94 sessions (elapsed 2.3 min)
Loading data for 511 events and 257 original time points ...
Loading data for 513 events and 257 original time points ...
Loading data for 548 events and 257 original time points ...
Loading data for 550 events and 257 original time points ...
Loading data for 487 events and 257 original time points ...
[MVPA ROI] complete 50/94 sessions (elapsed 2.6 min)
Loading data for 495 events and 257 original time points ...
Loading data for 549 events and 257 original time points ...
Loading data for 527 events and 257 original time points ...
Loading data for 546 events and 257 original time points ...
Loading data for 550 events and 257 original time points ...
[MVPA ROI] complete 55/94 sessions (elapsed 2.7 min)
Loading data for 548 events and 257 original time points ...
Loading data for 539 events and 257 original time points ...
Loading data for 549 events and 257 original time points ...
Loading data for 547 events and 257 original time points ...
Loading data for 489 events and 257 original time points ...
[MVPA ROI] complete 60/94 sessions (elapsed 3.0 min)
Loading data for 549 events and 257 original time points ...
Loading data for 427 events and 257 original time points ...
Loading data for 537 events and 257 original time points ...
Loading data for 549 events and 257 original time points ...
Loading data for 517 events and 257 original time points ...
[MVPA ROI] complete 65/94 sessions (elapsed 3.2 min)
Loading data for 540 events and 257 original time points ...
Loading data for 547 events and 257 original time points ...
Loading data for 545 events and 257 original time points ...
Loading data for 546 events and 257 original time points ...
Loading data for 545 events and 257 original time points ...
[MVPA ROI] complete 70/94 sessions (elapsed 3.4 min)
Loading data for 528 events and 257 original time points ...
Loading data for 516 events and 257 original time points ...
Loading data for 419 events and 257 original time points ...
Loading data for 529 events and 257 original time points ...
Loading data for 537 events and 257 original time points ...
[MVPA ROI] complete 75/94 sessions (elapsed 3.7 min)
Loading data for 484 events and 257 original time points ...
Loading data for 487 events and 257 original time points ...
Loading data for 521 events and 257 original time points ...
Loading data for 522 events and 257 original time points ...
Loading data for 526 events and 257 original time points ...
[MVPA ROI] complete 80/94 sessions (elapsed 3.8 min)
Loading data for 529 events and 257 original time points ...
Loading data for 514 events and 257 original time points ...
Loading data for 539 events and 257 original time points ...
Loading data for 543 events and 257 original time points ...
Loading data for 544 events and 257 original time points ...
[MVPA ROI] complete 85/94 sessions (elapsed 4.1 min)
Loading data for 530 events and 257 original time points ...
Loading data for 477 events and 257 original time points ...
[MVPA ROI] complete 90/94 sessions (elapsed 4.3 min)
[MVPA ROI] wrote /Users/mq20185996/projects/cat_learn_auto_eeg/output/mvpa_stim_locked_cat_roi_session_timecourse.csv
[MVPA ROI] wrote /Users/mq20185996/projects/cat_learn_auto_eeg/output/mvpa_stim_locked_cat_roi_subject_day_timecourse.csv
[MVPA ROI] wrote /Users/mq20185996/projects/cat_learn_auto_eeg/output/mvpa_stim_locked_cat_roi_day_means_timecourse.csv
[MVPA ROI] wrote /Users/mq20185996/projects/cat_learn_auto_eeg/output/mvpa_stim_locked_cat_roi_qc_log.csv

==== MVPA ROI time-resolved figure ====
Sat 13 Jun 2026 15:05:04 AEST
[MVPA ROI] wrote /Users/mq20185996/projects/cat_learn_auto_eeg/figures/mvpa_stim_locked_cat_roi_time_resolved_auc.png

New ROI analysis batch completed
Sat 13 Jun 2026 15:05:07 AEST
