[RNN MVPA] starting 15 missing of 19 subjects, 80 end times, 16 workers
[RNN MVPA] resuming after completed subjects: P1, P2, P3, P4
Loading data for 546 events and 257 original time points ...
Loading data for 550 events and 257 original time points ...
Loading data for 510 events and 257 original time points ...
Loading data for 512 events and 257 original time points ...
Loading data for 545 events and 257 original time points ...
Loading data for 487 events and 257 original time points ...
Loading data for 531 events and 257 original time points ...
Loading data for 550 events and 257 original time points ...
Loading data for 546 events and 257 original time points ...
Loading data for 549 events and 257 original time points ...
Loading data for 547 events and 257 original time points ...
Loading data for 539 events and 257 original time points ...
Loading data for 419 events and 257 original time points ...
Loading data for 547 events and 257 original time points ...
Loading data for 521 events and 257 original time points ...
Loading data for 547 events and 257 original time points ...
Loading data for 541 events and 257 original time points ...
Loading data for 516 events and 257 original time points ...
Loading data for 545 events and 257 original time points ...
Loading data for 543 events and 257 original time points ...
Loading data for 529 events and 257 original time points ...
Loading data for 547 events and 257 original time points ...
Loading data for 545 events and 257 original time points ...
Loading data for 513 events and 257 original time points ...
Loading data for 487 events and 257 original time points ...
Loading data for 550 events and 257 original time points ...
Loading data for 537 events and 257 original time points ...
Loading data for 545 events and 257 original time points ...
Loading data for 489 events and 257 original time points ...
Loading data for 522 events and 257 original time points ...
Loading data for 538 events and 257 original time points ...
Loading data for 495 events and 257 original time points ...
Loading data for 550 events and 257 original time points ...
Loading data for 545 events and 257 original time points ...
Loading data for 544 events and 257 original time points ...
Loading data for 511 events and 257 original time points ...
Loading data for 544 events and 257 original time points ...
Loading data for 516 events and 257 original time points ...
Loading data for 542 events and 257 original time points ...
Loading data for 517 events and 257 original time points ...
Loading data for 537 events and 257 original time points ...
Loading data for 546 events and 257 original time points ...
Loading data for 539 events and 257 original time points ...
Loading data for 549 events and 257 original time points ...
Loading data for 526 events and 257 original time points ...
Loading data for 549 events and 257 original time points ...
Loading data for 511 events and 257 original time points ...
Loading data for 396 events and 257 original time points ...
Loading data for 513 events and 257 original time points ...
Loading data for 483 events and 257 original time points ...
Loading data for 530 events and 257 original time points ...
Loading data for 540 events and 257 original time points ...
Loading data for 484 events and 257 original time points ...
Loading data for 545 events and 257 original time points ...
Loading data for 549 events and 257 original time points ...
Loading data for 548 events and 257 original time points ...
Loading data for 528 events and 257 original time points ...
Loading data for 548 events and 257 original time points ...
Loading data for 427 events and 257 original time points ...
Loading data for 529 events and 257 original time points ...
Loading data for 452 events and 257 original time points ...
Loading data for 550 events and 257 original time points ...
Loading data for 527 events and 257 original time points ...
Loading data for 487 events and 257 original time points ...
Loading data for 486 events and 257 original time points ...
Loading data for 548 events and 257 original time points ...
Loading data for 477 events and 257 original time points ...
Loading data for 502 events and 257 original time points ...
Loading data for 535 events and 257 original time points ...
Loading data for 545 events and 257 original time points ...
Loading data for 545 events and 257 original time points ...
Loading data for 516 events and 257 original time points ...
Loading data for 549 events and 257 original time points ...
Loading data for 514 events and 257 original time points ...
[RNN MVPA] subject 5/19 done (P14, 129.9 min)
[RNN MVPA] subject 6/19 done (P7, 156.5 min)
[RNN MVPA] subject 7/19 done (P18, 157.2 min)
[RNN MVPA] subject 8/19 done (P17, 157.4 min)
[RNN MVPA] subject 9/19 done (P10, 158.1 min)
[RNN MVPA] subject 10/19 done (P6, 163.8 min)
[RNN MVPA] subject 11/19 done (P19, 163.9 min)
[RNN MVPA] subject 12/19 done (P11, 164.3 min)
[RNN MVPA] subject 13/19 done (P12, 170.2 min)
[RNN MVPA] subject 14/19 done (P16, 170.2 min)
[RNN MVPA] subject 15/19 done (P8, 176.4 min)
[RNN MVPA] subject 16/19 done (P13, 176.5 min)
[RNN MVPA] subject 17/19 done (P15, 182.6 min)
[RNN MVPA] subject 18/19 done (P5, 189.3 min)
[RNN MVPA] subject 19/19 done (P9, 195.2 min)
[RNN MVPA] complete in 195.2 min
[RNN MVPA figure] wrote /Users/mq20185996/projects/cat_learn_auto_eeg/figures/rnn_mvpa_gru_early_exit_auc.png
[RNN MVPA figure] wrote /Users/mq20185996/projects/cat_learn_auto_eeg/figures/rnn_mvpa_gru_transfer_matrices.png
[RNN MVPA figure] wrote /Users/mq20185996/projects/cat_learn_auto_eeg/figures/rnn_mvpa_gru_model_timecourse.png
