[RNN MVPA] starting 19 subjects, 8 end times, 4 workers
Loading data for 545 events and 257 original time points ...
Loading data for 536 events and 257 original time points ...
Loading data for 543 events and 257 original time points ...
Loading data for 527 events and 257 original time points ...
Loading data for 549 events and 257 original time points ...
Loading data for 507 events and 257 original time points ...
Loading data for 535 events and 257 original time points ...
Loading data for 499 events and 257 original time points ...
Loading data for 459 events and 257 original time points ...
Loading data for 550 events and 257 original time points ...
Loading data for 532 events and 257 original time points ...
Loading data for 517 events and 257 original time points ...
Loading data for 532 events and 257 original time points ...
Loading data for 516 events and 257 original time points ...
Loading data for 490 events and 257 original time points ...
Loading data for 545 events and 257 original time points ...
Loading data for 538 events and 257 original time points ...
Loading data for 506 events and 257 original time points ...
Loading data for 523 events and 257 original time points ...
Loading data for 482 events and 257 original time points ...
Loading data for 546 events and 257 original time points ...
[RNN MVPA] subject 1/19 done (P1, 1.2 min)
Loading data for 545 events and 257 original time points ...
Loading data for 550 events and 257 original time points ...
[RNN MVPA] subject 2/19 done (P4, 1.3 min)
Loading data for 538 events and 257 original time points ...
Loading data for 545 events and 257 original time points ...
Loading data for 511 events and 257 original time points ...
Loading data for 516 events and 257 original time points ...
Loading data for 550 events and 257 original time points ...
Loading data for 548 events and 257 original time points ...
Loading data for 510 events and 257 original time points ...
[RNN MVPA] subject 3/19 done (P3, 1.5 min)
Loading data for 535 events and 257 original time points ...
Loading data for 512 events and 257 original time points ...
[RNN MVPA] subject 4/19 done (P2, 1.5 min)
Loading data for 541 events and 257 original time points ...
Loading data for 516 events and 257 original time points ...
Loading data for 545 events and 257 original time points ...
Loading data for 550 events and 257 original time points ...
Loading data for 396 events and 257 original time points ...
Loading data for 545 events and 257 original time points ...
Loading data for 452 events and 257 original time points ...
Loading data for 502 events and 257 original time points ...
Loading data for 545 events and 257 original time points ...
[RNN MVPA] subject 5/19 done (P7, 2.7 min)
Loading data for 531 events and 257 original time points ...
[RNN MVPA] subject 6/19 done (P6, 2.7 min)
Loading data for 487 events and 257 original time points ...
[RNN MVPA] subject 7/19 done (P5, 2.7 min)
Loading data for 547 events and 257 original time points ...
Loading data for 513 events and 257 original time points ...
Loading data for 547 events and 257 original time points ...
Loading data for 542 events and 257 original time points ...
Loading data for 544 events and 257 original time points ...
Loading data for 511 events and 257 original time points ...
Loading data for 483 events and 257 original time points ...
Loading data for 549 events and 257 original time points ...
Loading data for 513 events and 257 original time points ...
Loading data for 486 events and 257 original time points ...
Loading data for 548 events and 257 original time points ...
Loading data for 545 events and 257 original time points ...
Loading data for 550 events and 257 original time points ...
[RNN MVPA] subject 8/19 done (P8, 3.0 min)
Loading data for 487 events and 257 original time points ...
Loading data for 495 events and 257 original time points ...
Loading data for 549 events and 257 original time points ...
Loading data for 527 events and 257 original time points ...
Loading data for 546 events and 257 original time points ...
[RNN MVPA] subject 9/19 done (P9, 4.1 min)
[RNN MVPA] subject 10/19 done (P10, 4.1 min)
Loading data for 547 events and 257 original time points ...
Loading data for 550 events and 257 original time points ...
Loading data for 489 events and 257 original time points ...
Loading data for 539 events and 257 original time points ...
Loading data for 549 events and 257 original time points ...
[RNN MVPA] subject 11/19 done (P11, 4.2 min)
Loading data for 549 events and 257 original time points ...
Loading data for 548 events and 257 original time points ...
Loading data for 537 events and 257 original time points ...
Loading data for 427 events and 257 original time points ...
Loading data for 549 events and 257 original time points ...
Loading data for 517 events and 257 original time points ...
Loading data for 540 events and 257 original time points ...
Loading data for 545 events and 257 original time points ...
Loading data for 547 events and 257 original time points ...
[RNN MVPA] subject 12/19 done (P12, 4.4 min)
Loading data for 545 events and 257 original time points ...
Loading data for 546 events and 257 original time points ...
Loading data for 528 events and 257 original time points ...
Loading data for 516 events and 257 original time points ...
[RNN MVPA] subject 13/19 done (P14, 5.0 min)
Loading data for 419 events and 257 original time points ...
Loading data for 529 events and 257 original time points ...
Loading data for 537 events and 257 original time points ...
Loading data for 484 events and 257 original time points ...
Loading data for 487 events and 257 original time points ...
[RNN MVPA] subject 14/19 done (P13, 5.6 min)
Loading data for 521 events and 257 original time points ...
Loading data for 522 events and 257 original time points ...
Loading data for 526 events and 257 original time points ...
Loading data for 539 events and 257 original time points ...
[RNN MVPA] subject 15/19 done (P16, 5.7 min)
Loading data for 529 events and 257 original time points ...
Loading data for 543 events and 257 original time points ...
Loading data for 514 events and 257 original time points ...
Loading data for 544 events and 257 original time points ...
[RNN MVPA] subject 16/19 done (P15, 5.8 min)
Loading data for 530 events and 257 original time points ...
Loading data for 477 events and 257 original time points ...
[RNN MVPA] subject 17/19 done (P17, 6.2 min)
[RNN MVPA] subject 18/19 done (P18, 6.9 min)
[RNN MVPA] subject 19/19 done (P19, 7.1 min)
[RNN MVPA] complete in 7.1 min
[RNN MVPA figure] wrote /Users/mq20185996/projects/cat_learn_auto_eeg/figures/rnn_mvpa_gru_early_exit_auc.png
[RNN MVPA figure] wrote /Users/mq20185996/projects/cat_learn_auto_eeg/figures/rnn_mvpa_gru_transfer_matrices.png
[RNN MVPA figure] wrote /Users/mq20185996/projects/cat_learn_auto_eeg/figures/rnn_mvpa_gru_model_timecourse.png
