[sequence HMM] feature=voltage sessions=94 states=2-6 n_workers=4 backend=hmmlearn_gaussian_hmm
[sequence HMM] parallel batch running; progress JSON: /Users/mq20185996/projects/cat_learn_auto_eeg/output/sequence_hmm_voltage_progress.json
Loading data for 543 events and 257 original time points ...
Loading data for 459 events and 257 original time points ...
Loading data for 532 events and 257 original time points ...
Loading data for 507 events and 257 original time points ...
Loading data for 538 events and 257 original time points ...
Loading data for 545 events and 257 original time points ...
Loading data for 499 events and 257 original time points ...
Loading data for 550 events and 257 original time points ...
/Users/mq20185996/miniforge3/envs/eeg-core/lib/python3.12/site-packages/joblib/externals/loky/process_executor.py:782: UserWarning: A worker stopped while some jobs were given to the executor. This can be caused by a too short worker timeout or by a memory leak.
  warnings.warn(
Loading data for 516 events and 257 original time points ...
Loading data for 523 events and 257 original time points ...
Loading data for 536 events and 257 original time points ...
Loading data for 535 events and 257 original time points ...
Loading data for 532 events and 257 original time points ...
Loading data for 545 events and 257 original time points ...
Loading data for 482 events and 257 original time points ...
Loading data for 527 events and 257 original time points ...
Loading data for 549 events and 257 original time points ...
Loading data for 517 events and 257 original time points ...
Loading data for 490 events and 257 original time points ...
Loading data for 506 events and 257 original time points ...
Loading data for 546 events and 257 original time points ...
Loading data for 545 events and 257 original time points ...
Loading data for 538 events and 257 original time points ...
Loading data for 511 events and 257 original time points ...
Loading data for 550 events and 257 original time points ...
Loading data for 550 events and 257 original time points ...
Loading data for 545 events and 257 original time points ...
Loading data for 516 events and 257 original time points ...
Loading data for 548 events and 257 original time points ...
Loading data for 535 events and 257 original time points ...
Loading data for 510 events and 257 original time points ...
Loading data for 541 events and 257 original time points ...
Loading data for 545 events and 257 original time points ...
Loading data for 396 events and 257 original time points ...
Loading data for 452 events and 257 original time points ...
Loading data for 512 events and 257 original time points ...
Loading data for 516 events and 257 original time points ...
Loading data for 550 events and 257 original time points ...
Loading data for 545 events and 257 original time points ...
Loading data for 502 events and 257 original time points ...
Loading data for 545 events and 257 original time points ...
Loading data for 547 events and 257 original time points ...
Loading data for 542 events and 257 original time points ...
Loading data for 549 events and 257 original time points ...
Loading data for 545 events and 257 original time points ...
Loading data for 531 events and 257 original time points ...
Loading data for 513 events and 257 original time points ...
Loading data for 544 events and 257 original time points ...
Loading data for 483 events and 257 original time points ...
Loading data for 486 events and 257 original time points ...
Loading data for 487 events and 257 original time points ...
Loading data for 547 events and 257 original time points ...
Loading data for 511 events and 257 original time points ...
Loading data for 513 events and 257 original time points ...
Loading data for 548 events and 257 original time points ...
Loading data for 550 events and 257 original time points ...
Loading data for 487 events and 257 original time points ...
Loading data for 495 events and 257 original time points ...
Loading data for 549 events and 257 original time points ...
Loading data for 527 events and 257 original time points ...
Loading data for 546 events and 257 original time points ...
Loading data for 550 events and 257 original time points ...
Loading data for 539 events and 257 original time points ...
Loading data for 548 events and 257 original time points ...
Loading data for 549 events and 257 original time points ...
Loading data for 547 events and 257 original time points ...
Loading data for 489 events and 257 original time points ...
Loading data for 549 events and 257 original time points ...
Loading data for 427 events and 257 original time points ...
Loading data for 549 events and 257 original time points ...
Loading data for 537 events and 257 original time points ...
Loading data for 517 events and 257 original time points ...
Loading data for 540 events and 257 original time points ...
Loading data for 545 events and 257 original time points ...
Loading data for 547 events and 257 original time points ...
Loading data for 545 events and 257 original time points ...
Loading data for 546 events and 257 original time points ...
Loading data for 528 events and 257 original time points ...
Loading data for 516 events and 257 original time points ...
Loading data for 419 events and 257 original time points ...
Loading data for 529 events and 257 original time points ...
Loading data for 537 events and 257 original time points ...
Loading data for 484 events and 257 original time points ...
Loading data for 487 events and 257 original time points ...
Loading data for 521 events and 257 original time points ...
Loading data for 522 events and 257 original time points ...
Loading data for 526 events and 257 original time points ...
Loading data for 529 events and 257 original time points ...
Loading data for 514 events and 257 original time points ...
Loading data for 539 events and 257 original time points ...
Loading data for 543 events and 257 original time points ...
Loading data for 544 events and 257 original time points ...
Loading data for 530 events and 257 original time points ...
Loading data for 477 events and 257 original time points ...
[sequence HMM] completed 94/94 sessions
